Component: ARM Compiler 5.05 update 1 (build 106) Tool: armlink [4d0efa]

==============================================================================

Section Cross References

    startup_stm32f10x_md.o(RESET) refers to startup_stm32f10x_md.o(STACK) for __initial_sp
    startup_stm32f10x_md.o(RESET) refers to startup_stm32f10x_md.o(.text) for Reset_Handler
    startup_stm32f10x_md.o(RESET) refers to stm32f10x_it.o(i.NMI_Handler) for NMI_Handler
    startup_stm32f10x_md.o(RESET) refers to stm32f10x_it.o(i.HardFault_Handler) for HardFault_Handler
    startup_stm32f10x_md.o(RESET) refers to stm32f10x_it.o(i.MemManage_Handler) for MemManage_Handler
    startup_stm32f10x_md.o(RESET) refers to stm32f10x_it.o(i.BusFault_Handler) for BusFault_Handler
    startup_stm32f10x_md.o(RESET) refers to stm32f10x_it.o(i.UsageFault_Handler) for UsageFault_Handler
    startup_stm32f10x_md.o(RESET) refers to stm32f10x_it.o(i.SVC_Handler) for SVC_Handler
    startup_stm32f10x_md.o(RESET) refers to stm32f10x_it.o(i.DebugMon_Handler) for DebugMon_Handler
    startup_stm32f10x_md.o(RESET) refers to stm32f10x_it.o(i.PendSV_Handler) for PendSV_Handler
    startup_stm32f10x_md.o(RESET) refers to stm32f10x_it.o(i.SysTick_Handler) for SysTick_Handler
    startup_stm32f10x_md.o(.text) refers to system_stm32f10x.o(i.SystemInit) for SystemInit
    startup_stm32f10x_md.o(.text) refers to entry.o(.ARM.Collect$$$$00000000) for __main
    system_stm32f10x.o(i.SetSysClock) refers to system_stm32f10x.o(i.SetSysClockTo72) for SetSysClockTo72
    system_stm32f10x.o(i.SystemCoreClockUpdate) refers to system_stm32f10x.o(.data) for SystemCoreClock
    system_stm32f10x.o(i.SystemInit) refers to system_stm32f10x.o(i.SetSysClock) for SetSysClock
    stm32f10x_adc.o(i.ADC_DeInit) refers to stm32f10x_rcc.o(i.RCC_APB2PeriphResetCmd) for RCC_APB2PeriphResetCmd
    stm32f10x_bkp.o(i.BKP_DeInit) refers to stm32f10x_rcc.o(i.RCC_BackupResetCmd) for RCC_BackupResetCmd
    stm32f10x_can.o(i.CAN_DeInit) refers to stm32f10x_rcc.o(i.RCC_APB1PeriphResetCmd) for RCC_APB1PeriphResetCmd
    stm32f10x_can.o(i.CAN_GetITStatus) refers to stm32f10x_can.o(i.CheckITStatus) for CheckITStatus
    stm32f10x_cec.o(i.CEC_DeInit) refers to stm32f10x_rcc.o(i.RCC_APB1PeriphResetCmd) for RCC_APB1PeriphResetCmd
    stm32f10x_dac.o(i.DAC_DeInit) refers to stm32f10x_rcc.o(i.RCC_APB1PeriphResetCmd) for RCC_APB1PeriphResetCmd
    stm32f10x_flash.o(i.FLASH_EnableWriteProtection) refers to stm32f10x_flash.o(i.FLASH_WaitForLastOperation) for FLASH_WaitForLastOperation
    stm32f10x_flash.o(i.FLASH_EraseAllBank1Pages) refers to stm32f10x_flash.o(i.FLASH_WaitForLastBank1Operation) for FLASH_WaitForLastBank1Operation
    stm32f10x_flash.o(i.FLASH_EraseAllPages) refers to stm32f10x_flash.o(i.FLASH_WaitForLastOperation) for FLASH_WaitForLastOperation
    stm32f10x_flash.o(i.FLASH_EraseOptionBytes) refers to stm32f10x_flash.o(i.FLASH_GetReadOutProtectionStatus) for FLASH_GetReadOutProtectionStatus
    stm32f10x_flash.o(i.FLASH_EraseOptionBytes) refers to stm32f10x_flash.o(i.FLASH_WaitForLastOperation) for FLASH_WaitForLastOperation
    stm32f10x_flash.o(i.FLASH_ErasePage) refers to stm32f10x_flash.o(i.FLASH_WaitForLastOperation) for FLASH_WaitForLastOperation
    stm32f10x_flash.o(i.FLASH_ProgramHalfWord) refers to stm32f10x_flash.o(i.FLASH_WaitForLastOperation) for FLASH_WaitForLastOperation
    stm32f10x_flash.o(i.FLASH_ProgramOptionByteData) refers to stm32f10x_flash.o(i.FLASH_WaitForLastOperation) for FLASH_WaitForLastOperation
    stm32f10x_flash.o(i.FLASH_ProgramWord) refers to stm32f10x_flash.o(i.FLASH_WaitForLastOperation) for FLASH_WaitForLastOperation
    stm32f10x_flash.o(i.FLASH_ReadOutProtection) refers to stm32f10x_flash.o(i.FLASH_WaitForLastOperation) for FLASH_WaitForLastOperation
    stm32f10x_flash.o(i.FLASH_UserOptionByteConfig) refers to stm32f10x_flash.o(i.FLASH_WaitForLastOperation) for FLASH_WaitForLastOperation
    stm32f10x_flash.o(i.FLASH_WaitForLastBank1Operation) refers to stm32f10x_flash.o(i.FLASH_GetBank1Status) for FLASH_GetBank1Status
    stm32f10x_flash.o(i.FLASH_WaitForLastOperation) refers to stm32f10x_flash.o(i.FLASH_GetBank1Status) for FLASH_GetBank1Status
    stm32f10x_gpio.o(i.GPIO_AFIODeInit) refers to stm32f10x_rcc.o(i.RCC_APB2PeriphResetCmd) for RCC_APB2PeriphResetCmd
    stm32f10x_gpio.o(i.GPIO_DeInit) refers to stm32f10x_rcc.o(i.RCC_APB2PeriphResetCmd) for RCC_APB2PeriphResetCmd
    stm32f10x_i2c.o(i.I2C_DeInit) refers to stm32f10x_rcc.o(i.RCC_APB1PeriphResetCmd) for RCC_APB1PeriphResetCmd
    stm32f10x_i2c.o(i.I2C_Init) refers to stm32f10x_rcc.o(i.RCC_GetClocksFreq) for RCC_GetClocksFreq
    stm32f10x_pwr.o(i.PWR_DeInit) refers to stm32f10x_rcc.o(i.RCC_APB1PeriphResetCmd) for RCC_APB1PeriphResetCmd
    stm32f10x_rcc.o(i.RCC_GetClocksFreq) refers to stm32f10x_rcc.o(.data) for APBAHBPrescTable
    stm32f10x_rcc.o(i.RCC_WaitForHSEStartUp) refers to stm32f10x_rcc.o(i.RCC_GetFlagStatus) for RCC_GetFlagStatus
[...]
    Removing stm32f10x_i2c.o(i.I2C_OwnAddress2Config), (22 bytes).
    Removing stm32f10x_i2c.o(i.I2C_PECPositionConfig), (28 bytes).
    Removing stm32f10x_i2c.o(i.I2C_ReadRegister), (22 bytes).
    Removing stm32f10x_i2c.o(i.I2C_SMBusAlertConfig), (28 bytes).
    Removing stm32f10x_i2c.o(i.I2C_SoftwareResetCmd), (22 bytes).
    Removing stm32f10x_i2c.o(i.I2C_StretchClockCmd), (24 bytes).
    Removing stm32f10x_i2c.o(i.I2C_StructInit), (30 bytes).
    Removing stm32f10x_i2c.o(i.I2C_TransmitPEC), (24 bytes).
    Removing stm32f10x_iwdg.o(i.IWDG_Enable), (16 bytes).
    Removing stm32f10x_iwdg.o(i.IWDG_GetFlagStatus), (24 bytes).
    Removing stm32f10x_iwdg.o(i.IWDG_ReloadCounter), (16 bytes).
    Removing stm32f10x_iwdg.o(i.IWDG_SetPrescaler), (12 bytes).
    Removing stm32f10x_iwdg.o(i.IWDG_SetReload), (12 bytes).
    Removing stm32f10x_iwdg.o(i.IWDG_WriteAccessCmd), (12 bytes).
    Removing stm32f10x_pwr.o(i.PWR_BackupAccessCmd), (12 bytes).
    Removing stm32f10x_pwr.o(i.PWR_ClearFlag), (20 bytes).
    Removing stm32f10x_pwr.o(i.PWR_DeInit), (22 bytes).
    Removing stm32f10x_pwr.o(i.PWR_EnterSTANDBYMode), (52 bytes).
    Removing stm32f10x_pwr.o(i.PWR_EnterSTOPMode), (64 bytes).
    Removing stm32f10x_pwr.o(i.PWR_GetFlagStatus), (24 bytes).
    Removing stm32f10x_pwr.o(i.PWR_PVDCmd), (12 bytes).
    Removing stm32f10x_pwr.o(i.PWR_PVDLevelConfig), (24 bytes).
    Removing stm32f10x_pwr.o(i.PWR_WakeUpPinCmd), (12 bytes).
    Removing stm32f10x_rcc.o(i.RCC_ADCCLKConfig), (24 bytes).
    Removing stm32f10x_rcc.o(i.RCC_AHBPeriphClockCmd), (32 bytes).
    Removing stm32f10x_rcc.o(i.RCC_APB2PeriphResetCmd), (32 bytes).
    Removing stm32f10x_rcc.o(i.RCC_AdjustHSICalibrationValue), (24 bytes).
    Removing stm32f10x_rcc.o(i.RCC_BackupResetCmd), (12 bytes).
    Removing stm32f10x_rcc.o(i.RCC_ClearFlag), (20 bytes).
    Removing stm32f10x_rcc.o(i.RCC_ClearITPendingBit), (12 bytes).
    Removing stm32f10x_rcc.o(i.RCC_ClockSecuritySystemCmd), (12 bytes).
    Removing stm32f10x_rcc.o(i.RCC_DeInit), (76 bytes).
    Removing stm32f10x_rcc.o(i.RCC_GetFlagStatus), (60 bytes).
    Removing stm32f10x_rcc.o(i.RCC_GetITStatus), (24 bytes).
    Removing stm32f10x_rcc.o(i.RCC_GetSYSCLKSource), (16 bytes).
    Removing stm32f10x_rcc.o(i.RCC_HCLKConfig), (24 bytes).
    Removing stm32f10x_rcc.o(i.RCC_HSEConfig), (76 bytes).
    Removing stm32f10x_rcc.o(i.RCC_HSICmd), (12 bytes).
    Removing stm32f10x_rcc.o(i.RCC_ITConfig), (32 bytes).
    Removing stm32f10x_rcc.o(i.RCC_LSEConfig), (52 bytes).
    Removing stm32f10x_rcc.o(i.RCC_LSICmd), (12 bytes).
    Removing stm32f10x_rcc.o(i.RCC_MCOConfig), (12 bytes).
    Removing stm32f10x_rcc.o(i.RCC_PCLK1Config), (24 bytes).
    Removing stm32f10x_rcc.o(i.RCC_PCLK2Config), (24 bytes).
    Removing stm32f10x_rcc.o(i.RCC_PLLCmd), (12 bytes).
    Removing stm32f10x_rcc.o(i.RCC_PLLConfig), (28 bytes).
    Removing stm32f10x_rcc.o(i.RCC_RTCCLKCmd), (12 bytes).
    Removing stm32f10x_rcc.o(i.RCC_RTCCLKConfig), (16 bytes).
    Removing stm32f10x_rcc.o(i.RCC_SYSCLKConfig), (24 bytes).
    Removing stm32f10x_rcc.o(i.RCC_USBCLKConfig), (12 bytes).
    Removing stm32f10x_rcc.o(i.RCC_WaitForHSEStartUp), (56 bytes).
    Removing stm32f10x_rtc.o(i.RTC_ClearFlag), (16 bytes).
    Removing stm32f10x_rtc.o(i.RTC_ClearITPendingBit), (16 bytes).
    Removing stm32f10x_rtc.o(i.RTC_EnterConfigMode), (20 bytes).
    Removing stm32f10x_rtc.o(i.RTC_ExitConfigMode), (20 bytes).
    Removing stm32f10x_rtc.o(i.RTC_GetCounter), (20 bytes).
    Removing stm32f10x_rtc.o(i.RTC_GetDivider), (24 bytes).
    Removing stm32f10x_rtc.o(i.RTC_GetFlagStatus), (24 bytes).
    Removing stm32f10x_rtc.o(i.RTC_GetITStatus), (36 bytes).
    Removing stm32f10x_rtc.o(i.RTC_ITConfig), (32 bytes).
    Removing stm32f10x_rtc.o(i.RTC_SetAlarm), (28 bytes).
    Removing stm32f10x_rtc.o(i.RTC_SetCounter), (28 bytes).
    Removing stm32f10x_rtc.o(i.RTC_SetPrescaler), (32 bytes).
    Removing stm32f10x_rtc.o(i.RTC_WaitForLastTask), (20 bytes).
    Removing stm32f10x_rtc.o(i.RTC_WaitForSynchro), (36 bytes).
    Removing stm32f10x_sdio.o(i.SDIO_CEATAITCmd), (16 bytes).
    Removing stm32f10x_sdio.o(i.SDIO_ClearFlag), (12 bytes).
    Removing stm32f10x_sdio.o(i.SDIO_ClearITPendingBit), (12 bytes).
    Removing stm32f10x_sdio.o(i.SDIO_ClockCmd), (12 bytes).
    Removing stm32f10x_sdio.o(i.SDIO_CmdStructInit), (14 bytes).
    Removing stm32f10x_sdio.o(i.SDIO_CommandCompletionCmd), (12 bytes).
    Removing stm32f10x_sdio.o(i.SDIO_DMACmd), (12 bytes).
    Removing stm32f10x_sdio.o(i.SDIO_DataConfig), (48 bytes).
    Removing stm32f10x_sdio.o(i.SDIO_DataStructInit), (20 bytes).
    Removing stm32f10x_sdio.o(i.SDIO_DeInit), (36 bytes).
    Removing stm32f10x_sdio.o(i.SDIO_GetCommandResponse), (12 bytes).
    Removing stm32f10x_sdio.o(i.SDIO_GetDataCounter), (12 bytes).
    Removing stm32f10x_sdio.o(i.SDIO_GetFIFOCount), (12 bytes).
    Removing stm32f10x_sdio.o(i.SDIO_GetFlagStatus), (24 bytes).
    Removing stm32f10x_sdio.o(i.SDIO_GetITStatus), (24 bytes).
    Removing stm32f10x_sdio.o(i.SDIO_GetPowerState), (16 bytes).
    Removing stm32f10x_sdio.o(i.SDIO_GetResponse), (24 bytes).
    Removing stm32f10x_sdio.o(i.SDIO_ITConfig), (32 bytes).
    Removing stm32f10x_sdio.o(i.SDIO_Init), (48 bytes).
    Removing stm32f10x_sdio.o(i.SDIO_ReadData), (12 bytes).
    Removing stm32f10x_sdio.o(i.SDIO_SendCEATACmd), (12 bytes).
    Removing stm32f10x_sdio.o(i.SDIO_SendCommand), (44 bytes).
    Removing stm32f10x_sdio.o(i.SDIO_SendSDIOSuspendCmd), (12 bytes).
    Removing stm32f10x_sdio.o(i.SDIO_SetPowerState), (28 bytes).
    Removing stm32f10x_sdio.o(i.SDIO_SetSDIOOperation), (12 bytes).
    Removing stm32f10x_sdio.o(i.SDIO_SetSDIOReadWaitMode), (12 bytes).
    Removing stm32f10x_sdio.o(i.SDIO_StartSDIOReadWait), (12 bytes).
    Removing stm32f10x_sdio.o(i.SDIO_StopSDIOReadWait), (12 bytes).
    Removing stm32f10x_sdio.o(i.SDIO_StructInit), (16 bytes).
    Removing stm32f10x_sdio.o(i.SDIO_WriteData), (12 bytes).
    Removing stm32f10x_spi.o(i.I2S_Cmd), (24 bytes).
    Removing stm32f10x_spi.o(i.I2S_Init), (232 bytes).
    Removing stm32f10x_spi.o(i.I2S_StructInit), (20 bytes).
    Removing stm32f10x_spi.o(i.SPI_BiDirectionalLineConfig), (28 bytes).
    Removing stm32f10x_spi.o(i.SPI_CalculateCRC), (24 bytes).
    Removing stm32f10x_spi.o(i.SPI_Cmd), (24 bytes).
    Removing stm32f10x_spi.o(i.SPI_DataSizeConfig), (18 bytes).
    Removing stm32f10x_spi.o(i.SPI_GetCRC), (16 bytes).
    Removing stm32f10x_spi.o(i.SPI_GetCRCPolynomial), (6 bytes).
    Removing stm32f10x_spi.o(i.SPI_I2S_ClearFlag), (6 bytes).
    Removing stm32f10x_spi.o(i.SPI_I2S_ClearITPendingBit), (20 bytes).
    Removing stm32f10x_spi.o(i.SPI_I2S_DMACmd), (18 bytes).
    Removing stm32f10x_spi.o(i.SPI_I2S_DeInit), (88 bytes).
    Removing stm32f10x_spi.o(i.SPI_I2S_GetFlagStatus), (18 bytes).
    Removing stm32f10x_spi.o(i.SPI_I2S_GetITStatus), (52 bytes).
    Removing stm32f10x_spi.o(i.SPI_I2S_ITConfig), (32 bytes).
    Removing stm32f10x_spi.o(i.SPI_I2S_ReceiveData), (6 bytes).
    Removing stm32f10x_spi.o(i.SPI_I2S_SendData), (4 bytes).
    Removing stm32f10x_spi.o(i.SPI_Init), (60 bytes).
    Removing stm32f10x_spi.o(i.SPI_NSSInternalSoftwareConfig), (30 bytes).
    Removing stm32f10x_spi.o(i.SPI_SSOutputCmd), (24 bytes).
    Removing stm32f10x_spi.o(i.SPI_StructInit), (24 bytes).
    Removing stm32f10x_spi.o(i.SPI_TransmitCRC), (10 bytes).
    Removing stm32f10x_tim.o(i.TI1_Config), (128 bytes).
    Removing stm32f10x_tim.o(i.TI2_Config), (152 bytes).
    Removing stm32f10x_tim.o(i.TI3_Config), (144 bytes).
    Removing stm32f10x_tim.o(i.TI4_Config), (152 bytes).
    Removing stm32f10x_tim.o(i.TIM_ARRPreloadConfig), (24 bytes).
    Removing stm32f10x_tim.o(i.TIM_BDTRConfig), (32 bytes).
    Removing stm32f10x_tim.o(i.TIM_BDTRStructInit), (18 bytes).
    Removing stm32f10x_tim.o(i.TIM_CCPreloadControl), (24 bytes).
    Removing stm32f10x_tim.o(i.TIM_CCxCmd), (30 bytes).
    Removing stm32f10x_tim.o(i.TIM_CCxNCmd), (30 bytes).
    Removing stm32f10x_tim.o(i.TIM_ClearFlag), (6 bytes).
    Removing stm32f10x_tim.o(i.TIM_ClearITPendingBit), (6 bytes).
    Removing stm32f10x_tim.o(i.TIM_ClearOC1Ref), (18 bytes).
    Removing stm32f10x_tim.o(i.TIM_ClearOC2Ref), (24 bytes).
    Removing stm32f10x_tim.o(i.TIM_ClearOC3Ref), (18 bytes).
    Removing stm32f10x_tim.o(i.TIM_ClearOC4Ref), (24 bytes).
    Removing stm32f10x_tim.o(i.TIM_CounterModeConfig), (18 bytes).
    Removing stm32f10x_tim.o(i.TIM_CtrlPWMOutputs), (30 bytes).
    Removing stm32f10x_tim.o(i.TIM_DMACmd), (18 bytes).
    Removing stm32f10x_tim.o(i.TIM_DMAConfig), (10 bytes).
    Removing stm32f10x_tim.o(i.TIM_DeInit), (488 bytes).
    Removing stm32f10x_tim.o(i.TIM_ETRClockMode1Config), (54 bytes).
    Removing stm32f10x_tim.o(i.TIM_ETRClockMode2Config), (32 bytes).
    Removing stm32f10x_tim.o(i.TIM_ETRConfig), (28 bytes).
    Removing stm32f10x_tim.o(i.TIM_EncoderInterfaceConfig), (66 bytes).
    Removing stm32f10x_tim.o(i.TIM_ForcedOC1Config), (18 bytes).
    Removing stm32f10x_tim.o(i.TIM_ForcedOC2Config), (26 bytes).
    Removing stm32f10x_tim.o(i.TIM_ForcedOC3Config), (18 bytes).
    Removing stm32f10x_tim.o(i.TIM_ForcedOC4Config), (26 bytes).
    Removing stm32f10x_tim.o(i.TIM_GenerateEvent), (4 bytes).
    Removing stm32f10x_tim.o(i.TIM_GetCapture1), (6 bytes).
    Removing stm32f10x_tim.o(i.TIM_GetCapture2), (6 bytes).
    Removing stm32f10x_tim.o(i.TIM_GetCapture3), (6 bytes).
    Removing stm32f10x_tim.o(i.TIM_GetCapture4), (8 bytes).
    Removing stm32f10x_tim.o(i.TIM_GetCounter), (6 bytes).
    Removing stm32f10x_tim.o(i.TIM_GetFlagStatus), (18 bytes).
    Removing stm32f10x_tim.o(i.TIM_GetITStatus), (34 bytes).
    Removing stm32f10x_tim.o(i.TIM_GetPrescaler), (6 bytes).
    Removing stm32f10x_tim.o(i.TIM_ICInit), (172 bytes).
    Removing stm32f10x_tim.o(i.TIM_ICStructInit), (18 bytes).
    Removing stm32f10x_tim.o(i.TIM_ITConfig), (18 bytes).
    Removing stm32f10x_tim.o(i.TIM_ITRxExternalClockConfig), (24 bytes).
    Removing stm32f10x_tim.o(i.TIM_InternalClockConfig), (12 bytes).
    Removing stm32f10x_tim.o(i.TIM_OC1FastConfig), (18 bytes).
    Removing stm32f10x_tim.o(i.TIM_OC1NPolarityConfig), (18 bytes).
    Removing stm32f10x_tim.o(i.TIM_OC1PolarityConfig), (18 bytes).
    Removing stm32f10x_tim.o(i.TIM_OC2FastConfig), (26 bytes).
    Removing stm32f10x_tim.o(i.TIM_OC2Init), (164 bytes).
    Removing stm32f10x_tim.o(i.TIM_OC2NPolarityConfig), (26 bytes).
    Removing stm32f10x_tim.o(i.TIM_OC2PolarityConfig), (26 bytes).
    Removing stm32f10x_tim.o(i.TIM_OC2PreloadConfig), (26 bytes).
    Removing stm32f10x_tim.o(i.TIM_OC3FastConfig), (18 bytes).
    Removing stm32f10x_tim.o(i.TIM_OC3Init), (160 bytes).
    Removing stm32f10x_tim.o(i.TIM_OC3NPolarityConfig), (26 bytes).
    Removing stm32f10x_tim.o(i.TIM_OC3PolarityConfig), (26 bytes).
    Removing stm32f10x_tim.o(i.TIM_OC3PreloadConfig), (18 bytes).
    Removing stm32f10x_tim.o(i.TIM_OC4FastConfig), (26 bytes).
    Removing stm32f10x_tim.o(i.TIM_OC4Init), (124 bytes).
    Removing stm32f10x_tim.o(i.TIM_OC4PolarityConfig), (26 bytes).
    Removing stm32f10x_tim.o(i.TIM_OC4PreloadConfig), (26 bytes).
    Removing stm32f10x_tim.o(i.TIM_OCStructInit), (20 bytes).
    Removing stm32f10x_tim.o(i.TIM_PWMIConfig), (124 bytes).
    Removing stm32f10x_tim.o(i.TIM_PrescalerConfig), (6 bytes).
    Removing stm32f10x_tim.o(i.TIM_SelectCCDMA), (24 bytes).
    Removing stm32f10x_tim.o(i.TIM_SelectCOM), (24 bytes).
    Removing stm32f10x_tim.o(i.TIM_SelectHallSensor), (24 bytes).
    Removing stm32f10x_tim.o(i.TIM_SelectInputTrigger), (18 bytes).
    Removing stm32f10x_tim.o(i.TIM_SelectMasterSlaveMode), (18 bytes).
    Removing stm32f10x_tim.o(i.TIM_SelectOCxM), (82 bytes).
    Removing stm32f10x_tim.o(i.TIM_SelectOnePulseMode), (18 bytes).
    Removing stm32f10x_tim.o(i.TIM_SelectOutputTrigger), (18 bytes).
    Removing stm32f10x_tim.o(i.TIM_SelectSlaveMode), (18 bytes).
    Removing stm32f10x_tim.o(i.TIM_SetAutoreload), (4 bytes).
    Removing stm32f10x_tim.o(i.TIM_SetClockDivision), (18 bytes).
    Removing stm32f10x_tim.o(i.TIM_SetCompare1), (4 bytes).
    Removing stm32f10x_tim.o(i.TIM_SetCompare2), (4 bytes).
    Removing stm32f10x_tim.o(i.TIM_SetCompare3), (4 bytes).
    Removing stm32f10x_tim.o(i.TIM_SetCompare4), (6 bytes).
    Removing stm32f10x_tim.o(i.TIM_SetCounter), (4 bytes).
    Removing stm32f10x_tim.o(i.TIM_SetIC1Prescaler), (18 bytes).
    Removing stm32f10x_tim.o(i.TIM_SetIC2Prescaler), (26 bytes).
    Removing stm32f10x_tim.o(i.TIM_SetIC3Prescaler), (18 bytes).
    Removing stm32f10x_tim.o(i.TIM_SetIC4Prescaler), (26 bytes).
    Removing stm32f10x_tim.o(i.TIM_TIxExternalClockConfig), (62 bytes).
    Removing stm32f10x_tim.o(i.TIM_TimeBaseStructInit), (18 bytes).
    Removing stm32f10x_tim.o(i.TIM_UpdateDisableConfig), (24 bytes).
    Removing stm32f10x_tim.o(i.TIM_UpdateRequestConfig), (24 bytes).
    Removing stm32f10x_usart.o(i.USART_ClearFlag), (18 bytes).
    Removing stm32f10x_usart.o(i.USART_ClearITPendingBit), (30 bytes).
    Removing stm32f10x_usart.o(i.USART_ClockInit), (34 bytes).
    Removing stm32f10x_usart.o(i.USART_ClockStructInit), (12 bytes).
    Removing stm32f10x_usart.o(i.USART_DMACmd), (18 bytes).
    Removing stm32f10x_usart.o(i.USART_DeInit), (156 bytes).
    Removing stm32f10x_usart.o(i.USART_GetITStatus), (84 bytes).
    Removing stm32f10x_usart.o(i.USART_HalfDuplexCmd), (24 bytes).
    Removing stm32f10x_usart.o(i.USART_ITConfig), (74 bytes).
    Removing stm32f10x_usart.o(i.USART_IrDACmd), (24 bytes).
    Removing stm32f10x_usart.o(i.USART_IrDAConfig), (18 bytes).
    Removing stm32f10x_usart.o(i.USART_LINBreakDetectLengthConfig), (18 bytes).
    Removing stm32f10x_usart.o(i.USART_LINCmd), (24 bytes).
    Removing stm32f10x_usart.o(i.USART_OneBitMethodCmd), (24 bytes).
    Removing stm32f10x_usart.o(i.USART_OverSampling8Cmd), (22 bytes).
    Removing stm32f10x_usart.o(i.USART_ReceiveData), (10 bytes).
    Removing stm32f10x_usart.o(i.USART_ReceiverWakeUpCmd), (24 bytes).
    Removing stm32f10x_usart.o(i.USART_SendBreak), (10 bytes).
    Removing stm32f10x_usart.o(i.USART_SetAddress), (18 bytes).
    Removing stm32f10x_usart.o(i.USART_SetGuardTime), (16 bytes).
    Removing stm32f10x_usart.o(i.USART_SetPrescaler), (16 bytes).
    Removing stm32f10x_usart.o(i.USART_SmartCardCmd), (24 bytes).
    Removing stm32f10x_usart.o(i.USART_SmartCardNACKCmd), (24 bytes).
    Removing stm32f10x_usart.o(i.USART_StructInit), (24 bytes).
    Removing stm32f10x_usart.o(i.USART_WakeUpConfig), (18 bytes).
    Removing stm32f10x_wwdg.o(i.WWDG_ClearFlag), (12 bytes).
    Removing stm32f10x_wwdg.o(i.WWDG_DeInit), (22 bytes).
    Removing stm32f10x_wwdg.o(i.WWDG_Enable), (16 bytes).
    Removing stm32f10x_wwdg.o(i.WWDG_EnableIT), (12 bytes).
    Removing stm32f10x_wwdg.o(i.WWDG_GetFlagStatus), (12 bytes).
    Removing stm32f10x_wwdg.o(i.WWDG_SetCounter), (16 bytes).
    Removing stm32f10x_wwdg.o(i.WWDG_SetPrescaler), (24 bytes).
    Removing stm32f10x_wwdg.o(i.WWDG_SetWindowValue), (40 bytes).
    Removing stm32f10x_it.o(i.USART_IRQHandler), (36 bytes).
    Removing i2c.o(i.WriteI2C_Len), (444 bytes).
    Removing delay.o(i.DelayMs), (76 bytes).
    Removing delay.o(i.DelayS), (26 bytes).
    Removing delay.o(i.DelayUs), (76 bytes).
    Removing mpu6050.o(i.MPU_Get_Roll), (288 bytes).
    Removing usart.o(i.fgetc), (32 bytes).
    Removing systick.o(i.SysTick_Init), (120 bytes).
    Removing systick.o(i.TimeStamp_Increment), (16 bytes).
    Removing systick.o(i.TimingDelay_Decrement), (24 bytes).
    Removing systick.o(i.get_tick_count), (16 bytes).
    Removing systick.o(i.mdelay), (20 bytes).
    Removing systick.o(.data), (8 bytes).
    Removing softi2c.o(i.MPU_IIC_Ack), (76 bytes).
    Removing softi2c.o(i.MPU_IIC_Delay), (10 bytes).
    Removing softi2c.o(i.MPU_IIC_Init), (44 bytes).
    Removing softi2c.o(i.MPU_IIC_NAck), (76 bytes).
    Removing softi2c.o(i.MPU_IIC_Read_Byte), (108 bytes).
    Removing softi2c.o(i.MPU_IIC_Send_Byte), (92 bytes).
    Removing softi2c.o(i.MPU_IIC_Start), (72 bytes).
    Removing softi2c.o(i.MPU_IIC_Stop), (72 bytes).
    Removing softi2c.o(i.MPU_IIC_Wait_Ack), (100 bytes).
    Removing spi.o(i.OLED_Clear), (56 bytes).
    Removing spi.o(i.OLED_Display_Off), (22 bytes).
    Removing spi.o(i.OLED_Display_On), (22 bytes).
    Removing spi.o(i.OLED_DrawBMP), (118 bytes).
    Removing spi.o(i.OLED_Fill), (58 bytes).
    Removing spi.o(i.OLED_Init), (232 bytes).
    Removing spi.o(i.OLED_SetPos), (40 bytes).
    Removing spi.o(i.OLED_WriteData16), (40 bytes).
    Removing spi.o(i.OLED_WriteData8), (32 bytes).
    Removing spi.o(i.SPI_OLED_Init), (160 bytes).
    Removing spi.o(i.SPI_WriteCmd), (32 bytes).
    Removing anbt_dmp_driver.o(i.decode_gesture), (100 bytes).
    Removing anbt_dmp_driver.o(i.dmp_enable_6x_lp_quat), (60 bytes).
    Removing anbt_dmp_driver.o(i.dmp_enable_feature), (540 bytes).
    Removing anbt_dmp_driver.o(i.dmp_enable_gyro_cal), (88 bytes).
    Removing anbt_dmp_driver.o(i.dmp_enable_lp_quat), (60 bytes).
    Removing anbt_dmp_driver.o(i.dmp_get_enabled_features), (16 bytes).
    Removing anbt_dmp_driver.o(i.dmp_get_fifo_rate), (16 bytes).
    Removing anbt_dmp_driver.o(i.dmp_get_pedometer_step_count), (66 bytes).
    Removing anbt_dmp_driver.o(i.dmp_get_pedometer_walk_time), (72 bytes).
    Removing anbt_dmp_driver.o(i.dmp_load_motion_driver_firmware), (24 bytes).
    Removing anbt_dmp_driver.o(i.dmp_read_fifo), (456 bytes).
    Removing anbt_dmp_driver.o(i.dmp_register_android_orient_cb), (16 bytes).
    Removing anbt_dmp_driver.o(i.dmp_register_tap_cb), (16 bytes).
    Removing anbt_dmp_driver.o(i.dmp_set_accel_bias), (304 bytes).
    Removing anbt_dmp_driver.o(i.dmp_set_fifo_rate), (112 bytes).
    Removing anbt_dmp_driver.o(i.dmp_set_gyro_bias), (304 bytes).
    Removing anbt_dmp_driver.o(i.dmp_set_interrupt_mode), (92 bytes).
    Removing anbt_dmp_driver.o(i.dmp_set_orientation), (312 bytes).
    Removing anbt_dmp_driver.o(i.dmp_set_pedometer_step_count), (42 bytes).
    Removing anbt_dmp_driver.o(i.dmp_set_pedometer_walk_time), (48 bytes).
    Removing anbt_dmp_driver.o(i.dmp_set_shake_reject_thresh), (56 bytes).
    Removing anbt_dmp_driver.o(i.dmp_set_shake_reject_time), (38 bytes).
    Removing anbt_dmp_driver.o(i.dmp_set_shake_reject_timeout), (38 bytes).
    Removing anbt_dmp_driver.o(i.dmp_set_tap_axes), (70 bytes).
    Removing anbt_dmp_driver.o(i.dmp_set_tap_count), (38 bytes).
    Removing anbt_dmp_driver.o(i.dmp_set_tap_thresh), (416 bytes).
    Removing anbt_dmp_driver.o(i.dmp_set_tap_time), (38 bytes).
    Removing anbt_dmp_driver.o(i.dmp_set_tap_time_multi), (38 bytes).
    Removing anbt_dmp_driver.o(.bss), (16 bytes).
    Removing anbt_dmp_driver.o(.constdata), (3062 bytes).
    Removing anbt_dmp_mpu6050.o(i.AnBT_DMP_MPU6050_DEV_CFG), (544 bytes).
    Removing anbt_dmp_mpu6050.o(i.AnBT_DMP_MPU6050_Init), (780 bytes).
    Removing anbt_dmp_mpu6050.o(i.MPU6050_Pose), (624 bytes).
    Removing anbt_dmp_mpu6050.o(i.accel_self_test), (192 bytes).
    Removing anbt_dmp_mpu6050.o(i.get_accel_prod_shift), (180 bytes).
    Removing anbt_dmp_mpu6050.o(i.get_st_biases), (1136 bytes).
    Removing anbt_dmp_mpu6050.o(i.gyro_self_test), (300 bytes).
    Removing anbt_dmp_mpu6050.o(i.inv_orientation_matrix_to_scalar), (40 bytes).
    Removing anbt_dmp_mpu6050.o(i.inv_row_2_scale), (78 bytes).
    Removing anbt_dmp_mpu6050.o(i.mpu_configure_fifo), (112 bytes).
    Removing anbt_dmp_mpu6050.o(i.mpu_get_accel_fsr), (76 bytes).
    Removing anbt_dmp_mpu6050.o(i.mpu_get_accel_sens), (84 bytes).
    Removing anbt_dmp_mpu6050.o(i.mpu_get_fifo_config), (16 bytes).
    Removing anbt_dmp_mpu6050.o(i.mpu_get_gyro_fsr), (68 bytes).
    Removing anbt_dmp_mpu6050.o(i.mpu_get_gyro_sens), (80 bytes).
    Removing anbt_dmp_mpu6050.o(i.mpu_get_lpf), (80 bytes).
    Removing anbt_dmp_mpu6050.o(i.mpu_get_sample_rate), (32 bytes).
    Removing anbt_dmp_mpu6050.o(i.mpu_load_firmware), (184 bytes).
    Removing anbt_dmp_mpu6050.o(i.mpu_lp_accel_mode), (224 bytes).
    Removing anbt_dmp_mpu6050.o(i.mpu_read_fifo_stream), (192 bytes).
    Removing anbt_dmp_mpu6050.o(i.mpu_read_mem), (128 bytes).
    Removing anbt_dmp_mpu6050.o(i.mpu_reset_fifo), (456 bytes).
    Removing anbt_dmp_mpu6050.o(i.mpu_run_self_test), (284 bytes).
    Removing anbt_dmp_mpu6050.o(i.mpu_set_accel_fsr), (132 bytes).
    Removing anbt_dmp_mpu6050.o(i.mpu_set_bypass), (332 bytes).
    Removing anbt_dmp_mpu6050.o(i.mpu_set_dmp_state), (144 bytes).
    Removing anbt_dmp_mpu6050.o(i.mpu_set_gyro_fsr), (136 bytes).
    Removing anbt_dmp_mpu6050.o(i.mpu_set_int_latched), (108 bytes).
    Removing anbt_dmp_mpu6050.o(i.mpu_set_lpf), (132 bytes).
    Removing anbt_dmp_mpu6050.o(i.mpu_set_sample_rate), (156 bytes).
    Removing anbt_dmp_mpu6050.o(i.mpu_set_sensors), (208 bytes).
    Removing anbt_dmp_mpu6050.o(i.mpu_write_mem), (128 bytes).
    Removing anbt_dmp_mpu6050.o(i.run_self_test), (144 bytes).
    Removing anbt_dmp_mpu6050.o(i.set_int_enable), (144 bytes).
    Removing anbt_dmp_mpu6050.o(.bss), (16 bytes).
    Removing anbt_dmp_mpu6050.o(.constdata), (80 bytes).
    Removing anbt_dmp_mpu6050.o(.data), (104 bytes).
    Removing anbt_i2c.o(i.ANBT_I2C_Configuration), (132 bytes).
    Removing anbt_i2c.o(i.ANBT_I2C_Delay), (10 bytes).
    Removing anbt_i2c.o(i.ANBT_I2C_Receive12Bytes), (212 bytes).
    Removing anbt_i2c.o(i.ANBT_I2C_Receive14Bytes), (212 bytes).
    Removing anbt_i2c.o(i.ANBT_I2C_Receive6Bytes), (212 bytes).
    Removing anbt_i2c.o(i.ANBT_I2C_ReceiveByte), (100 bytes).
    Removing anbt_i2c.o(i.ANBT_I2C_ReceiveByte_WithACK), (100 bytes).
    Removing anbt_i2c.o(i.ANBT_I2C_START), (108 bytes).
    Removing anbt_i2c.o(i.ANBT_I2C_STOP), (56 bytes).
    Removing anbt_i2c.o(i.ANBT_I2C_SendACK), (56 bytes).
    Removing anbt_i2c.o(i.ANBT_I2C_SendByte), (172 bytes).
    Removing anbt_i2c.o(i.ANBT_I2C_SendNACK), (56 bytes).
    Removing anbt_i2c.o(i.AnBT_DMP_Delay_ms), (24 bytes).
    Removing anbt_i2c.o(i.AnBT_DMP_Delay_us), (26 bytes).
    Removing anbt_i2c.o(i.AnBT_DMP_I2C_Read), (90 bytes).
    Removing anbt_i2c.o(i.AnBT_DMP_I2C_Write), (64 bytes).
    Removing ffltui.o(.text), (10 bytes).
    Removing ffixi.o(.text), (50 bytes).
    Removing cfrcmple.o(.text), (20 bytes).
    Removing dsqrt.o(.text), (162 bytes).
    Removing cdcmple.o(.text), (48 bytes).

567 unused section(s) (total 36940 bytes) removed from the image.

==============================================================================

Image Symbol Table

    Local Symbols

    Symbol Name                              Value     Ov Type        Size  Object(Section)

    ../clib/microlib/division.c              0x00000000   Number         0  ldiv.o ABSOLUTE
    ../clib/microlib/division.c              0x00000000   Number         0  uidiv.o ABSOLUTE
    ../clib/microlib/division.c              0x00000000   Number         0  uldiv.o ABSOLUTE
    ../clib/microlib/errno.c                 0x00000000   Number         0  errno.o ABSOLUTE
    ../clib/microlib/init/entry.s            0x00000000   Number         0  entry8a.o ABSOLUTE
    ../clib/microlib/init/entry.s            0x00000000   Number         0  entry8b.o ABSOLUTE
    ../clib/microlib/init/entry.s            0x00000000   Number         0  entry9a.o ABSOLUTE
    ../clib/microlib/init/entry.s            0x00000000   Number         0  entry.o ABSOLUTE
    ../clib/microlib/init/entry.s            0x00000000   Number         0  entry10a.o ABSOLUTE
    ../clib/microlib/init/entry.s            0x00000000   Number         0  entry10b.o ABSOLUTE
    ../clib/microlib/init/entry.s            0x00000000   Number         0  entry9b.o ABSOLUTE
    ../clib/microlib/init/entry.s            0x00000000   Number         0  entry7b.o ABSOLUTE
    ../clib/microlib/init/entry.s            0x00000000   Number         0  entry11a.o ABSOLUTE
    ../clib/microlib/init/entry.s            0x00000000   Number         0  entry11b.o ABSOLUTE
    ../clib/microlib/init/entry.s            0x00000000   Number         0  entry7a.o ABSOLUTE
    ../clib/microlib/init/entry.s            0x00000000   Number         0  entry5.o ABSOLUTE
    ../clib/microlib/init/entry.s            0x00000000   Number         0  entry2.o ABSOLUTE
    ../clib/microlib/longlong.c              0x00000000   Number         0  llsshr.o ABSOLUTE
    ../clib/microlib/longlong.c              0x00000000   Number         0  llushr.o ABSOLUTE
    ../clib/microlib/longlong.c              0x00000000   Number         0  llshl.o ABSOLUTE
    ../clib/microlib/printf/printf.c         0x00000000   Number         0  printf4.o ABSOLUTE
    ../clib/microlib/printf/printf.c         0x00000000   Number         0  printfb.o ABSOLUTE
    ../clib/microlib/printf/printf.c         0x00000000   Number         0  printf0.o ABSOLUTE
    ../clib/microlib/printf/printf.c         0x00000000   Number         0  printf1.o ABSOLUTE
    ../clib/microlib/printf/printf.c         0x00000000   Number         0  printf2.o ABSOLUTE
    ../clib/microlib/printf/printf.c         0x00000000   Number         0  printf3.o ABSOLUTE
    ../clib/microlib/printf/printf.c         0x00000000   Number         0  printfa.o ABSOLUTE
    ../clib/microlib/printf/printf.c         0x00000000   Number         0  printf5.o ABSOLUTE
    ../clib/microlib/printf/printf.c         0x00000000   Number         0  printf6.o ABSOLUTE
    ../clib/microlib/printf/printf.c         0x00000000   Number         0  printf7.o ABSOLUTE
    ../clib/microlib/printf/printf.c         0x00000000   Number         0  printf8.o ABSOLUTE
    ../clib/microlib/printf/stubs.s          0x00000000   Number         0  stubs.o ABSOLUTE
    ../clib/microlib/stdio/streams.c         0x00000000   Number         0  stdout.o ABSOLUTE
    ../clib/microlib/string/memcmp.c         0x00000000   Number         0  memcmp.o ABSOLUTE
    ../clib/microlib/string/memset.c         0x00000000   Number         0  memseta.o ABSOLUTE
    ../clib/microlib/stubs.s                 0x00000000   Number         0  iusefp.o ABSOLUTE
    ../fplib/microlib/d2f.c                  0x00000000   Number         0  d2f.o ABSOLUTE
    ../fplib/microlib/f2d.c                  0x00000000   Number         0  f2d.o ABSOLUTE
    ../fplib/microlib/fpadd.c                0x00000000   Number         0  dadd.o ABSOLUTE
    ../fplib/microlib/fpadd.c                0x00000000   Number         0  fadd.o ABSOLUTE
    ../fplib/microlib/fpdiv.c                0x00000000   Number         0  fdiv.o ABSOLUTE
    ../fplib/microlib/fpdiv.c                0x00000000   Number         0  ddiv.o ABSOLUTE
    ../fplib/microlib/fpepilogue.c           0x00000000   Number         0  depilogue.o ABSOLUTE
    ../fplib/microlib/fpepilogue.c           0x00000000   Number         0  fepilogue.o ABSOLUTE
    ../fplib/microlib/fpfix.c                0x00000000   Number         0  ffixui.o ABSOLUTE
    ../fplib/microlib/fpfix.c                0x00000000   Number         0  ffixi.o ABSOLUTE
    ../fplib/microlib/fpfix.c                0x00000000   Number         0  dfixul.o ABSOLUTE
    ../fplib/microlib/fpflt.c                0x00000000   Number         0  fflti.o ABSOLUTE
    ../fplib/microlib/fpflt.c                0x00000000   Number         0  ffltui.o ABSOLUTE
    ../fplib/microlib/fpflt.c                0x00000000   Number         0  dflti.o ABSOLUTE
    ../fplib/microlib/fpmul.c                0x00000000   Number         0  fmul.o ABSOLUTE
    ../fplib/microlib/fpmul.c                0x00000000   Number         0  dmul.o ABSOLUTE
    ../fplib/microlib/fpscalb.c              0x00000000   Number         0  dscalb.o ABSOLUTE
    ../fplib/microlib/fpsqrt.c               0x00000000   Number         0  dsqrt.o ABSOLUTE
    ../mathlib/asin.c                        0x00000000   Number         0  asin.o ABSOLUTE
    ../mathlib/asin.c                        0x00000000   Number         0  asin_x.o ABSOLUTE
    ../mathlib/atan.c                        0x00000000   Number         0  atan_x.o ABSOLUTE
    ../mathlib/atan.c                        0x00000000   Number         0  atan.o ABSOLUTE
    ../mathlib/atan2.c                       0x00000000   Number         0  atan2_x.o ABSOLUTE
    ../mathlib/atan2.c                       0x00000000   Number         0  atan2.o ABSOLUTE
    ../mathlib/dunder.c                      0x00000000   Number         0  dunder.o ABSOLUTE
    ../mathlib/fpclassify.c                  0x00000000   Number         0  fpclassify.o ABSOLUTE
    ../mathlib/poly.c                        0x00000000   Number         0  poly.o ABSOLUTE
    ../mathlib/qnan.c                        0x00000000   Number         0  qnan.o ABSOLUTE
    ../mathlib/sqrt.c                        0x00000000   Number         0  sqrt_x.o ABSOLUTE
    ../mathlib/sqrt.c                        0x00000000   Number         0  sqrt.o ABSOLUTE
    ..\Libraries\CMSIS\core_cm3.c            0x00000000   Number         0  core_cm3.o ABSOLUTE
    ..\Libraries\CMSIS\startup\startup_stm32f10x_md.s 0x00000000   Number         0  startup_stm32f10x_md.o ABSOLUTE
    ..\Libraries\CMSIS\system_stm32f10x.c    0x00000000   Number         0  system_stm32f10x.o ABSOLUTE
    ..\Libraries\STM32F10x_StdPeriph_Driver\src\misc.c 0x00000000   Number         0  misc.o ABSOLUTE
    ..\Libraries\STM32F10x_StdPeriph_Driver\src\stm32f10x_adc.c 0x00000000   Number         0  stm32f10x_adc.o ABSOLUTE
    ..\Libraries\STM32F10x_StdPeriph_Driver\src\stm32f10x_bkp.c 0x00000000   Number         0  stm32f10x_bkp.o ABSOLUTE
    ..\Libraries\STM32F10x_StdPeriph_Driver\src\stm32f10x_can.c 0x00000000   Number         0  stm32f10x_can.o ABSOLUTE
    ..\Libraries\STM32F10x_StdPeriph_Driver\src\stm32f10x_cec.c 0x00000000   Number         0  stm32f10x_cec.o ABSOLUTE
    ..\Libraries\STM32F10x_StdPeriph_Driver\src\stm32f10x_crc.c 0x00000000   Number         0  stm32f10x_crc.o ABSOLUTE
    ..\Libraries\STM32F10x_StdPeriph_Driver\src\stm32f10x_dac.c 0x00000000   Number         0  stm32f10x_dac.o ABSOLUTE
    ..\Libraries\STM32F10x_StdPeriph_Driver\src\stm32f10x_dbgmcu.c 0x00000000   Number         0  stm32f10x_dbgmcu.o ABSOLUTE
    ..\Libraries\STM32F10x_StdPeriph_Driver\src\stm32f10x_dma.c 0x00000000   Number         0  stm32f10x_dma.o ABSOLUTE
    ..\Libraries\STM32F10x_StdPeriph_Driver\src\stm32f10x_exti.c 0x00000000   Number         0  stm32f10x_exti.o ABSOLUTE
    ..\Libraries\STM32F10x_StdPeriph_Driver\src\stm32f10x_flash.c 0x00000000   Number         0  stm32f10x_flash.o ABSOLUTE
    ..\Libraries\STM32F10x_StdPeriph_Driver\src\stm32f10x_fsmc.c 0x00000000   Number         0  stm32f10x_fsmc.o ABSOLUTE
    ..\Libraries\STM32F10x_StdPeriph_Driver\src\stm32f10x_gpio.c 0x00000000   Number         0  stm32f10x_gpio.o ABSOLUTE
    ..\Libraries\STM32F10x_StdPeriph_Driver\src\stm32f10x_i2c.c 0x00000000   Number         0  stm32f10x_i2c.o ABSOLUTE
    ..\Libraries\STM32F10x_StdPeriph_Driver\src\stm32f10x_iwdg.c 0x00000000   Number         0  stm32f10x_iwdg.o ABSOLUTE
    ..\Libraries\STM32F10x_StdPeriph_Driver\src\stm32f10x_pwr.c 0x00000000   Number         0  stm32f10x_pwr.o ABSOLUTE
    ..\Libraries\STM32F10x_StdPeriph_Driver\src\stm32f10x_rcc.c 0x00000000   Number         0  stm32f10x_rcc.o ABSOLUTE
    ..\Libraries\STM32F10x_StdPeriph_Driver\src\stm32f10x_rtc.c 0x00000000   Number         0  stm32f10x_rtc.o ABSOLUTE
    ..\Libraries\STM32F10x_StdPeriph_Driver\src\stm32f10x_sdio.c 0x00000000   Number         0  stm32f10x_sdio.o ABSOLUTE
    ..\Libraries\STM32F10x_StdPeriph_Driver\src\stm32f10x_spi.c 0x00000000   Number         0  stm32f10x_spi.o ABSOLUTE
    ..\Libraries\STM32F10x_StdPeriph_Driver\src\stm32f10x_tim.c 0x00000000   Number         0  stm32f10x_tim.o ABSOLUTE
    ..\Libraries\STM32F10x_StdPeriph_Driver\src\stm32f10x_usart.c 0x00000000   Number         0  stm32f10x_usart.o ABSOLUTE
    ..\Libraries\STM32F10x_StdPeriph_Driver\src\stm32f10x_wwdg.c 0x00000000   Number         0  stm32f10x_wwdg.o ABSOLUTE
    ..\User\6050DMP\anbt_dmp_driver.c        0x00000000   Number         0  anbt_dmp_driver.o ABSOLUTE
    ..\User\6050DMP\anbt_dmp_mpu6050.c       0x00000000   Number         0  anbt_dmp_mpu6050.o ABSOLUTE
    ..\User\6050DMP\anbt_i2c.c               0x00000000   Number         0  anbt_i2c.o ABSOLUTE
    ..\User\OLED.c                           0x00000000   Number         0  oled.o ABSOLUTE
    ..\User\PID\pid.c                        0x00000000   Number         0  pid.o ABSOLUTE
    ..\User\a4988.c                          0x00000000   Number         0  a4988.o ABSOLUTE
    ..\User\delay.c                          0x00000000   Number         0  delay.o ABSOLUTE
    ..\User\i2c.c                            0x00000000   Number         0  i2c.o ABSOLUTE
    ..\User\main.c                           0x00000000   Number         0  main.o ABSOLUTE
    ..\User\mpu6050.c                        0x00000000   Number         0  mpu6050.o ABSOLUTE
    ..\User\softi2c.c                        0x00000000   Number         0  softi2c.o ABSOLUTE
    ..\User\spi.c                            0x00000000   Number         0  spi.o ABSOLUTE
    ..\User\stm32f10x_it.c                   0x00000000   Number         0  stm32f10x_it.o ABSOLUTE
    ..\User\systick.c                        0x00000000   Number         0  systick.o ABSOLUTE
    ..\User\tim.c                            0x00000000   Number         0  tim.o ABSOLUTE
    ..\User\usart.c                          0x00000000   Number         0  usart.o ABSOLUTE
    ..\\Libraries\\CMSIS\\core_cm3.c         0x00000000   Number         0  core_cm3.o ABSOLUTE
    cdcmple.s                                0x00000000   Number         0  cdcmple.o ABSOLUTE
    cdrcmple.s                               0x00000000   Number         0  cdrcmple.o ABSOLUTE
    cfcmple.s                                0x00000000   Number         0  cfcmple.o ABSOLUTE
    cfrcmple.s                               0x00000000   Number         0  cfrcmple.o ABSOLUTE
    dc.s                                     0x00000000   Number         0  dc.o ABSOLUTE
    handlers.s                               0x00000000   Number         0  handlers.o ABSOLUTE
    init.s                                   0x00000000   Number         0  init.o ABSOLUTE
    RESET                                    0x08000000   Section      236  startup_stm32f10x_md.o(RESET)
    .ARM.Collect$$$$00000000                 0x080000ec   Section        0  entry.o(.ARM.Collect$$$$00000000)
    .ARM.Collect$$$$00000001                 0x080000ec   Section        4  entry2.o(.ARM.Collect$$$$00000001)
    .ARM.Collect$$$$00000004                 0x080000f0   Section        4  entry5.o(.ARM.Collect$$$$00000004)
    .ARM.Collect$$$$00000008                 0x080000f4   Section        0  entry7b.o(.ARM.Collect$$$$00000008)
    .ARM.Collect$$$$0000000A                 0x080000f4   Section        0  entry8b.o(.ARM.Collect$$$$0000000A)
    .ARM.Collect$$$$0000000B                 0x080000f4   Section        8  entry9a.o(.ARM.Collect$$$$0000000B)
    .ARM.Collect$$$$0000000D                 0x080000fc   Section        0  entry10a.o(.ARM.Collect$$$$0000000D)
    .ARM.Collect$$$$0000000F                 0x080000fc   Section        0  entry11a.o(.ARM.Collect$$$$0000000F)
    .ARM.Collect$$$$00002712                 0x080000fc   Section        4  entry2.o(.ARM.Collect$$$$00002712)
    __lit__00000000                          0x080000fc   Data           4  entry2.o(.ARM.Collect$$$$00002712)
    .text                                    0x08000100   Section       36  startup_stm32f10x_md.o(.text)
    .text                                    0x08000124   Section        0  fadd.o(.text)
    .text                                    0x080001d4   Section        0  fmul.o(.text)
    .text                                    0x08000238   Section        0  fdiv.o(.text)
    .text                                    0x080002b4   Section        0  dmul.o(.text)
    .text                                    0x08000398   Section        0  fflti.o(.text)
    .text                                    0x080003aa   Section        0  dflti.o(.text)
    .text                                    0x080003cc   Section        0  ffixui.o(.text)
    .text                                    0x080003f4   Section        0  f2d.o(.text)
    .text                                    0x0800041c   Section       48  cdrcmple.o(.text)
    .text                                    0x0800044c   Section        0  d2f.o(.text)
    .text                                    0x08000484   Section       20  cfcmple.o(.text)
    .text                                    0x08000498   Section        0  uidiv.o(.text)
    .text                                    0x080004c4   Section        0  uldiv.o(.text)
    .text                                    0x08000526   Section        0  iusefp.o(.text)
    .text                                    0x08000526   Section        0  fepilogue.o(.text)
    .text                                    0x08000594   Section        0  depilogue.o(.text)
    .text                                    0x0800064e   Section        0  dadd.o(.text)
    .text                                    0x0800079c   Section        0  ddiv.o(.text)
    .text                                    0x0800087a   Section        0  dscalb.o(.text)
    .text                                    0x080008a8   Section        0  dfixul.o(.text)
    .text                                    0x080008d8   Section       36  init.o(.text)
    .text                                    0x080008fc   Section        0  llshl.o(.text)
    .text                                    0x0800091a   Section        0  llushr.o(.text)
    .text                                    0x0800093a   Section        0  llsshr.o(.text)
    i.A4988Control                           0x08000960   Section        0  a4988.o(i.A4988Control)
    i.A4988Init                              0x080009dc   Section        0  a4988.o(i.A4988Init)
    i.A4988Speed                             0x08000a3c   Section        0  a4988.o(i.A4988Speed)
    i.BusFault_Handler                       0x08000b88   Section        0  stm32f10x_it.o(i.BusFault_Handler)
    i.Clock_End                              0x08000b8c   Section        0  tim.o(i.Clock_End)
    i.Clock_Start                            0x08000b9e   Section        0  tim.o(i.Clock_Start)
    i.DebugMon_Handler                       0x08000bb2   Section        0  stm32f10x_it.o(i.DebugMon_Handler)
    i.DelayInit                              0x08000bb4   Section        0  delay.o(i.DelayInit)
    i.GPIO_Init                              0x08000bf8   Section        0  stm32f10x_gpio.o(i.GPIO_Init)
    i.GPIO_ResetBits                         0x08000d0e   Section        0  stm32f10x_gpio.o(i.GPIO_ResetBits)
    i.GPIO_SetBits                           0x08000d12   Section        0  stm32f10x_gpio.o(i.GPIO_SetBits)
    i.HardFault_Handler                      0x08000d16   Section        0  stm32f10x_it.o(i.HardFault_Handler)
    i.I2C_AcknowledgeConfig                  0x08000d1a   Section        0  stm32f10x_i2c.o(i.I2C_AcknowledgeConfig)
    i.I2C_CheckEvent                         0x08000d32   Section        0  stm32f10x_i2c.o(i.I2C_CheckEvent)
    i.I2C_Cmd                                0x08000d5c   Section        0  stm32f10x_i2c.o(i.I2C_Cmd)
    i.I2C_DeInit                             0x08000d74   Section        0  stm32f10x_i2c.o(i.I2C_DeInit)
    i.I2C_GenerateSTART                      0x08000dac   Section        0  stm32f10x_i2c.o(i.I2C_GenerateSTART)
    i.I2C_GenerateSTOP                       0x08000dc4   Section        0  stm32f10x_i2c.o(i.I2C_GenerateSTOP)
    i.I2C_GetFlagStatus                      0x08000ddc   Section        0  stm32f10x_i2c.o(i.I2C_GetFlagStatus)
    i.I2C_Init                               0x08000e18   Section        0  stm32f10x_i2c.o(i.I2C_Init)
    i.I2C_ReceiveData                        0x08000f04   Section        0  stm32f10x_i2c.o(i.I2C_ReceiveData)
    i.I2C_Send7bitAddress                    0x08000f0c   Section        0  stm32f10x_i2c.o(i.I2C_Send7bitAddress)
    i.I2C_SendData                           0x08000f1e   Section        0  stm32f10x_i2c.o(i.I2C_SendData)
    i.Init_ALL                               0x08000f24   Section        0  main.o(i.Init_ALL)
    i.MPU6050_Init                           0x08000f64   Section        0  mpu6050.o(i.MPU6050_Init)
    i.MPUReadAcc                             0x08000fb4   Section        0  mpu6050.o(i.MPUReadAcc)
    i.MPUReadData                            0x08000ff4   Section        0  mpu6050.o(i.MPUReadData)
    i.MPUReadGyro                            0x08001008   Section        0  mpu6050.o(i.MPUReadGyro)
    i.MPU_Get_Pitch                          0x08001048   Section        0  mpu6050.o(i.MPU_Get_Pitch)
    i.MemManage_Handler                      0x08001168   Section        0  stm32f10x_it.o(i.MemManage_Handler)
    i.NMI_Handler                            0x0800116c   Section        0  stm32f10x_it.o(i.NMI_Handler)
    i.NVIC_Config                            0x0800116e   Section        0  usart.o(i.NVIC_Config)
    NVIC_Config                              0x0800116f   Thumb Code    38  usart.o(i.NVIC_Config)
    i.NVIC_Init                              0x08001194   Section        0  misc.o(i.NVIC_Init)
    i.NVIC_PriorityGroupConfig               0x08001204   Section        0  misc.o(i.NVIC_PriorityGroupConfig)
    i.PendSV_Handler                         0x08001218   Section        0  stm32f10x_it.o(i.PendSV_Handler)
    i.RCC_APB1PeriphClockCmd                 0x0800121c   Section        0  stm32f10x_rcc.o(i.RCC_APB1PeriphClockCmd)
    i.RCC_APB1PeriphResetCmd                 0x0800123c   Section        0  stm32f10x_rcc.o(i.RCC_APB1PeriphResetCmd)
    i.RCC_APB2PeriphClockCmd                 0x0800125c   Section        0  stm32f10x_rcc.o(i.RCC_APB2PeriphClockCmd)
    i.RCC_GetClocksFreq                      0x0800127c   Section        0  stm32f10x_rcc.o(i.RCC_GetClocksFreq)
    i.ReadID                                 0x08001350   Section        0  mpu6050.o(i.ReadID)
    i.Read_Byte                              0x080013a8   Section        0  i2c.o(i.Read_Byte)
    i.SVC_Handler                            0x080015d4   Section        0  stm32f10x_it.o(i.SVC_Handler)
    i.SetSysClock                            0x080015d6   Section        0  system_stm32f10x.o(i.SetSysClock)
    SetSysClock                              0x080015d7   Thumb Code     8  system_stm32f10x.o(i.SetSysClock)
    i.SetSysClockTo72                        0x080015e0   Section        0  system_stm32f10x.o(i.SetSysClockTo72)
    SetSysClockTo72                          0x080015e1   Thumb Code   214  system_stm32f10x.o(i.SetSysClockTo72)
    i.SysTick_CLKSourceConfig                0x080016c0   Section        0  misc.o(i.SysTick_CLKSourceConfig)
    i.SysTick_Handler                        0x080016e8   Section        0  stm32f10x_it.o(i.SysTick_Handler)
    i.SystemInit                             0x080016ec   Section        0  system_stm32f10x.o(i.SystemInit)
    i.TIM3_Init                              0x0800174c   Section        0  tim.o(i.TIM3_Init)
    i.TIM4_Int_Init                          0x080017dc   Section        0  tim.o(i.TIM4_Int_Init)
    i.TIM_Cmd                                0x0800180a   Section        0  stm32f10x_tim.o(i.TIM_Cmd)
    i.TIM_OC1Init                            0x08001824   Section        0  stm32f10x_tim.o(i.TIM_OC1Init)
    i.TIM_OC1PreloadConfig                   0x080018bc   Section        0  stm32f10x_tim.o(i.TIM_OC1PreloadConfig)
    i.TIM_TimeBaseInit                       0x080018d0   Section        0  stm32f10x_tim.o(i.TIM_TimeBaseInit)
    i.TurnControl                            0x08001974   Section        0  a4988.o(i.TurnControl)
    i.USART_Cmd                              0x0800198a   Section        0  stm32f10x_usart.o(i.USART_Cmd)
    i.USART_Config                           0x080019a4   Section        0  usart.o(i.USART_Config)
    i.USART_GetFlagStatus                    0x08001a28   Section        0  stm32f10x_usart.o(i.USART_GetFlagStatus)
    i.USART_Init                             0x08001a44   Section        0  stm32f10x_usart.o(i.USART_Init)
    i.USART_SendData                         0x08001b1c   Section        0  stm32f10x_usart.o(i.USART_SendData)
    i.UsageFault_Handler                     0x08001b24   Section        0  stm32f10x_it.o(i.UsageFault_Handler)
    i.WriteI2C_Byte                          0x08001b28   Section        0  i2c.o(i.WriteI2C_Byte)
    i.__0printf                              0x08001cd0   Section        0  printfa.o(i.__0printf)
    i.__ARM_fpclassify                       0x08001cf0   Section        0  fpclassify.o(i.__ARM_fpclassify)
    i.__kernel_poly                          0x08001d18   Section        0  poly.o(i.__kernel_poly)
    i.__mathlib_dbl_infnan                   0x08001dc2   Section        0  dunder.o(i.__mathlib_dbl_infnan)
    i.__mathlib_dbl_infnan2                  0x08001dc8   Section        0  dunder.o(i.__mathlib_dbl_infnan2)
    i.__mathlib_dbl_underflow                0x08001dcc   Section        0  dunder.o(i.__mathlib_dbl_underflow)
    i.__scatterload_copy                     0x08001ddc   Section       14  handlers.o(i.__scatterload_copy)
    i.__scatterload_null                     0x08001dea   Section        2  handlers.o(i.__scatterload_null)
    i.__scatterload_zeroinit                 0x08001dec   Section       14  handlers.o(i.__scatterload_zeroinit)
    i._fp_digits                             0x08001dfc   Section        0  printfa.o(i._fp_digits)
    _fp_digits                               0x08001dfd   Thumb Code   334  printfa.o(i._fp_digits)
    i._printf_core                           0x08001f60   Section        0  printfa.o(i._printf_core)
    _printf_core                             0x08001f61   Thumb Code  1744  printfa.o(i._printf_core)
    i._printf_post_padding                   0x0800263c   Section        0  printfa.o(i._printf_post_padding)
    _printf_post_padding                     0x0800263d   Thumb Code    36  printfa.o(i._printf_post_padding)
    i._printf_pre_padding                    0x08002660   Section        0  printfa.o(i._printf_pre_padding)
    _printf_pre_padding                      0x08002661   Thumb Code    46  printfa.o(i._printf_pre_padding)
    i.atan                                   0x08002690   Section        0  atan.o(i.atan)
    i.atan2                                  0x080028b0   Section        0  atan2.o(i.atan2)
    i.balance                                0x08002a30   Section        0  pid.o(i.balance)
    i.fputc                                  0x08002aa0   Section        0  usart.o(i.fputc)
    i.i2cinit                                0x08002ac4   Section        0  i2c.o(i.i2cinit)
    i.main                                   0x08002b40   Section        0  main.o(i.main)
    .constdata                               0x08002cd8   Section      152  atan.o(.constdata)
    atanhi                                   0x08002cd8   Data          32  atan.o(.constdata)
    atanlo                                   0x08002cf8   Data          32  atan.o(.constdata)
    aTodd                                    0x08002d18   Data          40  atan.o(.constdata)
    aTeven                                   0x08002d40   Data          48  atan.o(.constdata)
    .constdata                               0x08002d70   Section        8  qnan.o(.constdata)
    .data                                    0x20000000   Section       20  system_stm32f10x.o(.data)
    .data                                    0x20000014   Section       20  stm32f10x_rcc.o(.data)
    APBAHBPrescTable                         0x20000014   Data          16  stm32f10x_rcc.o(.data)
    ADCPrescTable                            0x20000024   Data           4  stm32f10x_rcc.o(.data)
    .data                                    0x20000028   Section       72  main.o(.data)
    .data                                    0x20000070   Section        4  i2c.o(.data)
    I2CTimeout                               0x20000070   Data           4  i2c.o(.data)
    .data                                    0x20000074   Section        8  delay.o(.data)
    g_ul_ms_ticks                            0x20000074   Data           4  delay.o(.data)
    fac_us                                   0x20000078   Data           1  delay.o(.data)
    fac_ms                                   0x2000007a   Data           2  delay.o(.data)
    .data                                    0x2000007c   Section       56  mpu6050.o(.data)
    rad2deg                                  0x2000007c   Data           4  mpu6050.o(.data)
    gx                                       0x20000080   Data           4  mpu6050.o(.data)
    gy                                       0x20000084   Data           4  mpu6050.o(.data)
    ax                                       0x20000088   Data           4  mpu6050.o(.data)
    ay                                       0x2000008c   Data           4  mpu6050.o(.data)
    az                                       0x20000090   Data           4  mpu6050.o(.data)
    pitch                                    0x20000094   Data           4  mpu6050.o(.data)
    roll                                     0x20000098   Data           4  mpu6050.o(.data)
    angle1                                   0x2000009c   Data           4  mpu6050.o(.data)
    angle2                                   0x200000a0   Data           4  mpu6050.o(.data)
    ex_gyro                                  0x200000a4   Data           4  mpu6050.o(.data)
    ey_gyro                                  0x200000a8   Data           4  mpu6050.o(.data)
    dt                                       0x200000ac   Data           4  mpu6050.o(.data)
    ki                                       0x200000b0   Data           4  mpu6050.o(.data)
    .data                                    0x200000b4   Section       48  pid.o(.data)
    gyro_orientation                         0x200000b4   Data           9  pid.o(.data)
    .data                                    0x200000e4   Section        4  stdout.o(.data)
    STACK                                    0x200000e8   Section     1024  startup_stm32f10x_md.o(STACK)

    Global Symbols

    Symbol Name                              Value     Ov Type        Size  Object(Section)

    BuildAttributes$$THM_ISAv4$P$D$K$B$S$PE$A:L22UL41UL21$X:L11$S22US41US21$IEEE1$IW$USESV6$~STKCKD$USESV7$~SHL$OTIME$ROPI$IEEEX$EBA8$MICROLIB$REQ8$PRES8$EABIv2 0x00000000   Number         0  anon$$obj.o ABSOLUTE
    __ARM_use_no_argv                        0x00000000   Number         0  main.o ABSOLUTE
    _printf_a                                0x00000000   Number         0  stubs.o ABSOLUTE
    _printf_c                                0x00000000   Number         0  stubs.o ABSOLUTE
    _printf_charcount                        0x00000000   Number         0  stubs.o ABSOLUTE
    _printf_d                                0x00000000   Number         0  stubs.o ABSOLUTE
    _printf_e                                0x00000000   Number         0  stubs.o ABSOLUTE
    _printf_f                                0x00000000   Number         0  stubs.o ABSOLUTE
    _printf_flags                            0x00000000   Number         0  stubs.o ABSOLUTE
    _printf_fp_dec                           0x00000000   Number         0  stubs.o ABSOLUTE
    _printf_fp_hex                           0x00000000   Number         0  stubs.o ABSOLUTE
    _printf_g                                0x00000000   Number         0  stubs.o ABSOLUTE
    _printf_i                                0x00000000   Number         0  stubs.o ABSOLUTE
    _printf_int_dec                          0x00000000   Number         0  stubs.o ABSOLUTE
    _printf_l                                0x00000000   Number         0  stubs.o ABSOLUTE
    _printf_lc                               0x00000000   Number         0  stubs.o ABSOLUTE
    _printf_ll                               0x00000000   Number         0  stubs.o ABSOLUTE
    _printf_lld                              0x00000000   Number         0  stubs.o ABSOLUTE
    _printf_lli                              0x00000000   Number         0  stubs.o ABSOLUTE
    _printf_llo                              0x00000000   Number         0  stubs.o ABSOLUTE
    _printf_llu                              0x00000000   Number         0  stubs.o ABSOLUTE
    _printf_llx                              0x00000000   Number         0  stubs.o ABSOLUTE
    _printf_longlong_dec                     0x00000000   Number         0  stubs.o ABSOLUTE
    _printf_longlong_hex                     0x00000000   Number         0  stubs.o ABSOLUTE
    _printf_longlong_oct                     0x00000000   Number         0  stubs.o ABSOLUTE
    _printf_ls                               0x00000000   Number         0  stubs.o ABSOLUTE
    _printf_mbtowc                           0x00000000   Number         0  stubs.o ABSOLUTE
    _printf_n                                0x00000000   Number         0  stubs.o ABSOLUTE
    _printf_o                                0x00000000   Number         0  stubs.o ABSOLUTE
    _printf_p                                0x00000000   Number         0  stubs.o ABSOLUTE
    _printf_percent                          0x00000000   Number         0  stubs.o ABSOLUTE
    _printf_pre_padding                      0x00000000   Number         0  stubs.o ABSOLUTE
    _printf_return_value                     0x00000000   Number         0  stubs.o ABSOLUTE
    _printf_s                                0x00000000   Number         0  stubs.o ABSOLUTE
    _printf_sizespec                         0x00000000   Number         0  stubs.o ABSOLUTE
    _printf_str                              0x00000000   Number         0  stubs.o ABSOLUTE
    _printf_truncate_signed                  0x00000000   Number         0  stubs.o ABSOLUTE
    _printf_truncate_unsigned                0x00000000   Number         0  stubs.o ABSOLUTE
    _printf_u                                0x00000000   Number         0  stubs.o ABSOLUTE
    _printf_wc                               0x00000000   Number         0  stubs.o ABSOLUTE
    _printf_wctomb                           0x00000000   Number         0  stubs.o ABSOLUTE
    _printf_widthprec                        0x00000000   Number         0  stubs.o ABSOLUTE
    _printf_x                                0x00000000   Number         0  stubs.o ABSOLUTE
    __cpp_initialize__aeabi_                  - Undefined Weak Reference
    __cxa_finalize                            - Undefined Weak Reference
    __decompress                              - Undefined Weak Reference
    _clock_init                               - Undefined Weak Reference
    _microlib_exit                            - Undefined Weak Reference
    __Vectors_Size                           0x000000ec   Number         0  startup_stm32f10x_md.o ABSOLUTE
    __Vectors                                0x08000000   Data           4  startup_stm32f10x_md.o(RESET)
    __Vectors_End                            0x080000ec   Data           0  startup_stm32f10x_md.o(RESET)
    __main                                   0x080000ed   Thumb Code     0  entry.o(.ARM.Collect$$$$00000000)
    _main_stk                                0x080000ed   Thumb Code     0  entry2.o(.ARM.Collect$$$$00000001)
    _main_scatterload                        0x080000f1   Thumb Code     0  entry5.o(.ARM.Collect$$$$00000004)
    __main_after_scatterload                 0x080000f5   Thumb Code     0  entry5.o(.ARM.Collect$$$$00000004)
    _main_clock                              0x080000f5   Thumb Code     0  entry7b.o(.ARM.Collect$$$$00000008)
    _main_cpp_init                           0x080000f5   Thumb Code     0  entry8b.o(.ARM.Collect$$$$0000000A)
    _main_init                               0x080000f5   Thumb Code     0  entry9a.o(.ARM.Collect$$$$0000000B)
    __rt_final_cpp                           0x080000fd   Thumb Code     0  entry10a.o(.ARM.Collect$$$$0000000D)
    __rt_final_exit                          0x080000fd   Thumb Code     0  entry11a.o(.ARM.Collect$$$$0000000F)
    Reset_Handler                            0x08000101   Thumb Code     8  startup_stm32f10x_md.o(.text)
    ADC1_2_IRQHandler                        0x0800011b   Thumb Code     0  startup_stm32f10x_md.o(.text)
    CAN1_RX1_IRQHandler                      0x0800011b   Thumb Code     0  startup_stm32f10x_md.o(.text)
    CAN1_SCE_IRQHandler                      0x0800011b   Thumb Code     0  startup_stm32f10x_md.o(.text)
    DMA1_Channel1_IRQHandler                 0x0800011b   Thumb Code     0  startup_stm32f10x_md.o(.text)
    DMA1_Channel2_IRQHandler                 0x0800011b   Thumb Code     0  startup_stm32f10x_md.o(.text)
    DMA1_Channel3_IRQHandler                 0x0800011b   Thumb Code     0  startup_stm32f10x_md.o(.text)
    DMA1_Channel4_IRQHandler                 0x0800011b   Thumb Code     0  startup_stm32f10x_md.o(.text)
    DMA1_Channel5_IRQHandler                 0x0800011b   Thumb Code     0  startup_stm32f10x_md.o(.text)
    DMA1_Channel6_IRQHandler                 0x0800011b   Thumb Code     0  startup_stm32f10x_md.o(.text)
    DMA1_Channel7_IRQHandler                 0x0800011b   Thumb Code     0  startup_stm32f10x_md.o(.text)
    EXTI0_IRQHandler                         0x0800011b   Thumb Code     0  startup_stm32f10x_md.o(.text)
    EXTI15_10_IRQHandler                     0x0800011b   Thumb Code     0  startup_stm32f10x_md.o(.text)
    EXTI1_IRQHandler                         0x0800011b   Thumb Code     0  startup_stm32f10x_md.o(.text)
    EXTI2_IRQHandler                         0x0800011b   Thumb Code     0  startup_stm32f10x_md.o(.text)
    EXTI3_IRQHandler                         0x0800011b   Thumb Code     0  startup_stm32f10x_md.o(.text)
    EXTI4_IRQHandler                         0x0800011b   Thumb Code     0  startup_stm32f10x_md.o(.text)
    EXTI9_5_IRQHandler                       0x0800011b   Thumb Code     0  startup_stm32f10x_md.o(.text)
    FLASH_IRQHandler                         0x0800011b   Thumb Code     0  startup_stm32f10x_md.o(.text)
    I2C1_ER_IRQHandler                       0x0800011b   Thumb Code     0  startup_stm32f10x_md.o(.text)
    I2C1_EV_IRQHandler                       0x0800011b   Thumb Code     0  startup_stm32f10x_md.o(.text)
    I2C2_ER_IRQHandler                       0x0800011b   Thumb Code     0  startup_stm32f10x_md.o(.text)
    I2C2_EV_IRQHandler                       0x0800011b   Thumb Code     0  startup_stm32f10x_md.o(.text)
    PVD_IRQHandler                           0x0800011b   Thumb Code     0  startup_stm32f10x_md.o(.text)
    RCC_IRQHandler                           0x0800011b   Thumb Code     0  startup_stm32f10x_md.o(.text)
    RTCAlarm_IRQHandler                      0x0800011b   Thumb Code     0  startup_stm32f10x_md.o(.text)
    RTC_IRQHandler                           0x0800011b   Thumb Code     0  startup_stm32f10x_md.o(.text)
    SPI1_IRQHandler                          0x0800011b   Thumb Code     0  startup_stm32f10x_md.o(.text)
    SPI2_IRQHandler                          0x0800011b   Thumb Code     0  startup_stm32f10x_md.o(.text)
    TAMPER_IRQHandler                        0x0800011b   Thumb Code     0  startup_stm32f10x_md.o(.text)
    TIM1_BRK_IRQHandler                      0x0800011b   Thumb Code     0  startup_stm32f10x_md.o(.text)
    TIM1_CC_IRQHandler                       0x0800011b   Thumb Code     0  startup_stm32f10x_md.o(.text)
    TIM1_TRG_COM_IRQHandler                  0x0800011b   Thumb Code     0  startup_stm32f10x_md.o(.text)
    TIM1_UP_IRQHandler                       0x0800011b   Thumb Code     0  startup_stm32f10x_md.o(.text)
    TIM2_IRQHandler                          0x0800011b   Thumb Code     0  startup_stm32f10x_md.o(.text)
    TIM3_IRQHandler                          0x0800011b   Thumb Code     0  startup_stm32f10x_md.o(.text)
    TIM4_IRQHandler                          0x0800011b   Thumb Code     0  startup_stm32f10x_md.o(.text)
    USART1_IRQHandler                        0x0800011b   Thumb Code     0  startup_stm32f10x_md.o(.text)
    USART2_IRQHandler                        0x0800011b   Thumb Code     0  startup_stm32f10x_md.o(.text)
    USART3_IRQHandler                        0x0800011b   Thumb Code     0  startup_stm32f10x_md.o(.text)
    USBWakeUp_IRQHandler                     0x0800011b   Thumb Code     0  startup_stm32f10x_md.o(.text)
    USB_HP_CAN1_TX_IRQHandler                0x0800011b   Thumb Code     0  startup_stm32f10x_md.o(.text)
    USB_LP_CAN1_RX0_IRQHandler               0x0800011b   Thumb Code     0  startup_stm32f10x_md.o(.text)
    WWDG_IRQHandler                          0x0800011b   Thumb Code     0  startup_stm32f10x_md.o(.text)
    __aeabi_fadd                             0x08000125   Thumb Code   164  fadd.o(.text)
    __aeabi_fsub                             0x080001c9   Thumb Code     6  fadd.o(.text)
    __aeabi_frsub                            0x080001cf   Thumb Code     6  fadd.o(.text)
    __aeabi_fmul                             0x080001d5   Thumb Code   100  fmul.o(.text)
    __aeabi_fdiv                             0x08000239   Thumb Code   124  fdiv.o(.text)
    __aeabi_dmul                             0x080002b5   Thumb Code   228  dmul.o(.text)
    __aeabi_i2f                              0x08000399   Thumb Code    18  fflti.o(.text)
    __aeabi_i2d                              0x080003ab   Thumb Code    34  dflti.o(.text)
    __aeabi_f2uiz                            0x080003cd   Thumb Code    40  ffixui.o(.text)
    __aeabi_f2d                              0x080003f5   Thumb Code    38  f2d.o(.text)
    __aeabi_cdrcmple                         0x0800041d   Thumb Code    48  cdrcmple.o(.text)
    __aeabi_d2f                              0x0800044d   Thumb Code    56  d2f.o(.text)
    __aeabi_cfcmpeq                          0x08000485   Thumb Code     0  cfcmple.o(.text)
    __aeabi_cfcmple                          0x08000485   Thumb Code    20  cfcmple.o(.text)
    __aeabi_uidiv                            0x08000499   Thumb Code     0  uidiv.o(.text)
    __aeabi_uidivmod                         0x08000499   Thumb Code    44  uidiv.o(.text)
    __aeabi_uldivmod                         0x080004c5   Thumb Code    98  uldiv.o(.text)
    __I$use$fp                               0x08000527   Thumb Code     0  iusefp.o(.text)
    _float_round                             0x08000527   Thumb Code    18  fepilogue.o(.text)
    _float_epilogue                          0x08000539   Thumb Code    92  fepilogue.o(.text)
    _double_round                            0x08000595   Thumb Code    30  depilogue.o(.text)
    _double_epilogue                         0x080005b3   Thumb Code   156  depilogue.o(.text)
    __aeabi_dadd                             0x0800064f   Thumb Code   322  dadd.o(.text)
    __aeabi_dsub                             0x08000791   Thumb Code     6  dadd.o(.text)
    __aeabi_drsub                            0x08000797   Thumb Code     6  dadd.o(.text)
    __aeabi_ddiv                             0x0800079d   Thumb Code   222  ddiv.o(.text)
    __ARM_scalbn                             0x0800087b   Thumb Code    46  dscalb.o(.text)
    scalbn                                   0x0800087b   Thumb Code     0  dscalb.o(.text)
    __aeabi_d2ulz                            0x080008a9   Thumb Code    48  dfixul.o(.text)
    __scatterload                            0x080008d9   Thumb Code    28  init.o(.text)
    __scatterload_rt2                        0x080008d9   Thumb Code     0  init.o(.text)
    __aeabi_llsl                             0x080008fd   Thumb Code    30  llshl.o(.text)
    _ll_shift_l                              0x080008fd   Thumb Code     0  llshl.o(.text)
    __aeabi_llsr                             0x0800091b   Thumb Code    32  llushr.o(.text)
    _ll_ushift_r                             0x0800091b   Thumb Code     0  llushr.o(.text)
    __aeabi_lasr                             0x0800093b   Thumb Code    36  llsshr.o(.text)
    _ll_sshift_r                             0x0800093b   Thumb Code     0  llsshr.o(.text)
    A4988Control                             0x08000961   Thumb Code    84  a4988.o(i.A4988Control)
    A4988Init                                0x080009dd   Thumb Code    88  a4988.o(i.A4988Init)
    A4988Speed                               0x08000a3d   Thumb Code   328  a4988.o(i.A4988Speed)
    BusFault_Handler                         0x08000b89   Thumb Code     4  stm32f10x_it.o(i.BusFault_Handler)
    Clock_End                                0x08000b8d   Thumb Code    18  tim.o(i.Clock_End)
    Clock_Start                              0x08000b9f   Thumb Code    20  tim.o(i.Clock_Start)
    DebugMon_Handler                         0x08000bb3   Thumb Code     2  stm32f10x_it.o(i.DebugMon_Handler)
    DelayInit                                0x08000bb5   Thumb Code    50  delay.o(i.DelayInit)
    GPIO_Init                                0x08000bf9   Thumb Code   278  stm32f10x_gpio.o(i.GPIO_Init)
    GPIO_ResetBits                           0x08000d0f   Thumb Code     4  stm32f10x_gpio.o(i.GPIO_ResetBits)
    GPIO_SetBits                             0x08000d13   Thumb Code     4  stm32f10x_gpio.o(i.GPIO_SetBits)
    HardFault_Handler                        0x08000d17   Thumb Code     4  stm32f10x_it.o(i.HardFault_Handler)
    I2C_AcknowledgeConfig                    0x08000d1b   Thumb Code    24  stm32f10x_i2c.o(i.I2C_AcknowledgeConfig)
    I2C_CheckEvent                           0x08000d33   Thumb Code    42  stm32f10x_i2c.o(i.I2C_CheckEvent)
    I2C_Cmd                                  0x08000d5d   Thumb Code    24  stm32f10x_i2c.o(i.I2C_Cmd)
    I2C_DeInit                               0x08000d75   Thumb Code    50  stm32f10x_i2c.o(i.I2C_DeInit)
    I2C_GenerateSTART                        0x08000dad   Thumb Code    24  stm32f10x_i2c.o(i.I2C_GenerateSTART)
    I2C_GenerateSTOP                         0x08000dc5   Thumb Code    24  stm32f10x_i2c.o(i.I2C_GenerateSTOP)
    I2C_GetFlagStatus                        0x08000ddd   Thumb Code    58  stm32f10x_i2c.o(i.I2C_GetFlagStatus)
    I2C_Init                                 0x08000e19   Thumb Code   222  stm32f10x_i2c.o(i.I2C_Init)
    I2C_ReceiveData                          0x08000f05   Thumb Code     8  stm32f10x_i2c.o(i.I2C_ReceiveData)
    I2C_Send7bitAddress                      0x08000f0d   Thumb Code    18  stm32f10x_i2c.o(i.I2C_Send7bitAddress)
    I2C_SendData                             0x08000f1f   Thumb Code     4  stm32f10x_i2c.o(i.I2C_SendData)
    Init_ALL                                 0x08000f25   Thumb Code    40  main.o(i.Init_ALL)
    MPU6050_Init                             0x08000f65   Thumb Code    80  mpu6050.o(i.MPU6050_Init)
    MPUReadAcc                               0x08000fb5   Thumb Code    64  mpu6050.o(i.MPUReadAcc)
    MPUReadData                              0x08000ff5   Thumb Code    20  mpu6050.o(i.MPUReadData)
    MPUReadGyro                              0x08001009   Thumb Code    64  mpu6050.o(i.MPUReadGyro)
    MPU_Get_Pitch                            0x08001049   Thumb Code   238  mpu6050.o(i.MPU_Get_Pitch)
    MemManage_Handler                        0x08001169   Thumb Code     4  stm32f10x_it.o(i.MemManage_Handler)
    NMI_Handler                              0x0800116d   Thumb Code     2  stm32f10x_it.o(i.NMI_Handler)
    NVIC_Init                                0x08001195   Thumb Code   100  misc.o(i.NVIC_Init)
    NVIC_PriorityGroupConfig                 0x08001205   Thumb Code    10  misc.o(i.NVIC_PriorityGroupConfig)
    PendSV_Handler                           0x08001219   Thumb Code     2  stm32f10x_it.o(i.PendSV_Handler)
    RCC_APB1PeriphClockCmd                   0x0800121d   Thumb Code    26  stm32f10x_rcc.o(i.RCC_APB1PeriphClockCmd)
    RCC_APB1PeriphResetCmd                   0x0800123d   Thumb Code    26  stm32f10x_rcc.o(i.RCC_APB1PeriphResetCmd)
    RCC_APB2PeriphClockCmd                   0x0800125d   Thumb Code    26  stm32f10x_rcc.o(i.RCC_APB2PeriphClockCmd)
    RCC_GetClocksFreq                        0x0800127d   Thumb Code   192  stm32f10x_rcc.o(i.RCC_GetClocksFreq)
    ReadID                                   0x08001351   Thumb Code    52  mpu6050.o(i.ReadID)
    Read_Byte                                0x080013a9   Thumb Code   394  i2c.o(i.Read_Byte)
    SVC_Handler                              0x080015d5   Thumb Code     2  stm32f10x_it.o(i.SVC_Handler)
    SysTick_CLKSourceConfig                  0x080016c1   Thumb Code    40  misc.o(i.SysTick_CLKSourceConfig)
    SysTick_Handler                          0x080016e9   Thumb Code     2  stm32f10x_it.o(i.SysTick_Handler)
    SystemInit                               0x080016ed   Thumb Code    78  system_stm32f10x.o(i.SystemInit)
    TIM3_Init                                0x0800174d   Thumb Code   134  tim.o(i.TIM3_Init)
    TIM4_Int_Init                            0x080017dd   Thumb Code    46  tim.o(i.TIM4_Int_Init)
    TIM_Cmd                                  0x0800180b   Thumb Code    24  stm32f10x_tim.o(i.TIM_Cmd)
    TIM_OC1Init                              0x08001825   Thumb Code   132  stm32f10x_tim.o(i.TIM_OC1Init)
    TIM_OC1PreloadConfig                     0x080018bd   Thumb Code    18  stm32f10x_tim.o(i.TIM_OC1PreloadConfig)
    TIM_TimeBaseInit                         0x080018d1   Thumb Code   122  stm32f10x_tim.o(i.TIM_TimeBaseInit)
    TurnControl                              0x08001975   Thumb Code    22  a4988.o(i.TurnControl)
    USART_Cmd                                0x0800198b   Thumb Code    24  stm32f10x_usart.o(i.USART_Cmd)
    USART_Config                             0x080019a5   Thumb Code   122  usart.o(i.USART_Config)
    USART_GetFlagStatus                      0x08001a29   Thumb Code    26  stm32f10x_usart.o(i.USART_GetFlagStatus)
    USART_Init                               0x08001a45   Thumb Code   210  stm32f10x_usart.o(i.USART_Init)
    USART_SendData                           0x08001b1d   Thumb Code     8  stm32f10x_usart.o(i.USART_SendData)
    UsageFault_Handler                       0x08001b25   Thumb Code     4  stm32f10x_it.o(i.UsageFault_Handler)
    WriteI2C_Byte                            0x08001b29   Thumb Code   286  i2c.o(i.WriteI2C_Byte)
    __0printf                                0x08001cd1   Thumb Code    22  printfa.o(i.__0printf)
    __1printf                                0x08001cd1   Thumb Code     0  printfa.o(i.__0printf)
    __2printf                                0x08001cd1   Thumb Code     0  printfa.o(i.__0printf)
    __c89printf                              0x08001cd1   Thumb Code     0  printfa.o(i.__0printf)
    printf                                   0x08001cd1   Thumb Code     0  printfa.o(i.__0printf)
    __ARM_fpclassify                         0x08001cf1   Thumb Code    40  fpclassify.o(i.__ARM_fpclassify)
    __kernel_poly                            0x08001d19   Thumb Code   170  poly.o(i.__kernel_poly)
    __mathlib_dbl_infnan                     0x08001dc3   Thumb Code     6  dunder.o(i.__mathlib_dbl_infnan)
    __mathlib_dbl_infnan2                    0x08001dc9   Thumb Code     4  dunder.o(i.__mathlib_dbl_infnan2)
    __mathlib_dbl_underflow                  0x08001dcd   Thumb Code    10  dunder.o(i.__mathlib_dbl_underflow)
    __scatterload_copy                       0x08001ddd   Thumb Code    14  handlers.o(i.__scatterload_copy)
    __scatterload_null                       0x08001deb   Thumb Code     2  handlers.o(i.__scatterload_null)
    __scatterload_zeroinit                   0x08001ded   Thumb Code    14  handlers.o(i.__scatterload_zeroinit)
    atan                                     0x08002691   Thumb Code   474  atan.o(i.atan)
    atan2                                    0x080028b1   Thumb Code   346  atan2.o(i.atan2)
    balance                                  0x08002a31   Thumb Code    96  pid.o(i.balance)
    fputc                                    0x08002aa1   Thumb Code    32  usart.o(i.fputc)
    i2cinit                                  0x08002ac5   Thumb Code   110  i2c.o(i.i2cinit)
    main                                     0x08002b41   Thumb Code   288  main.o(i.main)
    __mathlib_zero                           0x08002d70   Data           8  qnan.o(.constdata)
    Region$$Table$$Base                      0x08002d78   Number         0  anon$$obj.o(Region$$Table)
    Region$$Table$$Limit                     0x08002d98   Number         0  anon$$obj.o(Region$$Table)
    SystemCoreClock                          0x20000000   Data           4  system_stm32f10x.o(.data)
    AHBPrescTable                            0x20000004   Data          16  system_stm32f10x.o(.data)
    pitch                                    0x20000028   Data           4  main.o(.data)
    roll                                     0x2000002c   Data           4  main.o(.data)
    yaw                                      0x20000030   Data           4  main.o(.data)
    Gyro                                     0x20000034   Data           6  main.o(.data)
    Acc                                      0x2000003a   Data           6  main.o(.data)
    g                                        0x20000040   Data           4  main.o(.data)
    gx                                       0x20000044   Data           4  main.o(.data)
    gy                                       0x20000048   Data           4  main.o(.data)
    gz                                       0x2000004c   Data           4  main.o(.data)
    ax                                       0x20000050   Data           4  main.o(.data)
    ay                                       0x20000054   Data           4  main.o(.data)
    az                                       0x20000058   Data           4  main.o(.data)
    pid                                      0x2000005c   Data           4  main.o(.data)
    ax_offset                                0x20000060   Data           4  main.o(.data)
    ay_offset                                0x20000064   Data           4  main.o(.data)
    gx_offset                                0x20000068   Data           4  main.o(.data)
    gy_offset                                0x2000006c   Data           4  main.o(.data)
    Target                                   0x200000c0   Data           4  pid.o(.data)
    Kp                                       0x200000c4   Data           4  pid.o(.data)
    Ki                                       0x200000c8   Data           4  pid.o(.data)
    Kd                                       0x200000cc   Data           4  pid.o(.data)
    error                                    0x200000d0   Data           4  pid.o(.data)
    first_value                              0x200000d4   Data           4  pid.o(.data)
    second_value                             0x200000d8   Data           4  pid.o(.data)
    count_error                              0x200000dc   Data           4  pid.o(.data)
    last_error                               0x200000e0   Data           4  pid.o(.data)
    __stdout                                 0x200000e4   Data           4  stdout.o(.data)
    __initial_sp                             0x200004e8   Data           0  startup_stm32f10x_md.o(STACK)



==============================================================================

Memory Map of the image

  Image Entry point : 0x080000ed

  Load Region LR_IROM1 (Base: 0x08000000, Size: 0x00002e80, Max: 0x00010000, ABSOLUTE)

    Execution Region ER_IROM1 (Base: 0x08000000, Size: 0x00002d98, Max: 0x00010000, ABSOLUTE)

    Base Addr    Size         Type   Attr      Idx    E Section Name        Object

    0x08000000   0x000000ec   Data   RO            3    RESET               startup_stm32f10x_md.o
    0x080000ec   0x00000000   Code   RO         4178  * .ARM.Collect$$$$00000000  mc_w.l(entry.o)
    0x080000ec   0x00000004   Code   RO         4513    .ARM.Collect$$$$00000001  mc_w.l(entry2.o)
    0x080000f0   0x00000004   Code   RO         4516    .ARM.Collect$$$$00000004  mc_w.l(entry5.o)
    0x080000f4   0x00000000   Code   RO         4518    .ARM.Collect$$$$00000008  mc_w.l(entry7b.o)
    0x080000f4   0x00000000   Code   RO         4520    .ARM.Collect$$$$0000000A  mc_w.l(entry8b.o)
    0x080000f4   0x00000008   Code   RO         4521    .ARM.Collect$$$$0000000B  mc_w.l(entry9a.o)
    0x080000fc   0x00000000   Code   RO         4523    .ARM.Collect$$$$0000000D  mc_w.l(entry10a.o)
    0x080000fc   0x00000000   Code   RO         4525    .ARM.Collect$$$$0000000F  mc_w.l(entry11a.o)
    0x080000fc   0x00000004   Code   RO         4514    .ARM.Collect$$$$00002712  mc_w.l(entry2.o)
    0x08000100   0x00000024   Code   RO            4    .text               startup_stm32f10x_md.o
    0x08000124   0x000000b0   Code   RO         4448    .text               mf_w.l(fadd.o)
    0x080001d4   0x00000064   Code   RO         4450    .text               mf_w.l(fmul.o)
    0x08000238   0x0000007c   Code   RO         4452    .text               mf_w.l(fdiv.o)
    0x080002b4   0x000000e4   Code   RO         4454    .text               mf_w.l(dmul.o)
    0x08000398   0x00000012   Code   RO         4456    .text               mf_w.l(fflti.o)
    0x080003aa   0x00000022   Code   RO         4460    .text               mf_w.l(dflti.o)
    0x080003cc   0x00000028   Code   RO         4464    .text               mf_w.l(ffixui.o)
    0x080003f4   0x00000026   Code   RO         4466    .text               mf_w.l(f2d.o)
    0x0800041a   0x00000002   PAD
    0x0800041c   0x00000030   Code   RO         4468    .text               mf_w.l(cdrcmple.o)
    0x0800044c   0x00000038   Code   RO         4470    .text               mf_w.l(d2f.o)
    0x08000484   0x00000014   Code   RO         4472    .text               mf_w.l(cfcmple.o)
    0x08000498   0x0000002c   Code   RO         4528    .text               mc_w.l(uidiv.o)
    0x080004c4   0x00000062   Code   RO         4530    .text               mc_w.l(uldiv.o)
    0x08000526   0x00000000   Code   RO         4539    .text               mc_w.l(iusefp.o)
    0x08000526   0x0000006e   Code   RO         4540    .text               mf_w.l(fepilogue.o)
    0x08000594   0x000000ba   Code   RO         4542    .text               mf_w.l(depilogue.o)
    0x0800064e   0x0000014e   Code   RO         4544    .text               mf_w.l(dadd.o)
    0x0800079c   0x000000de   Code   RO         4546    .text               mf_w.l(ddiv.o)
    0x0800087a   0x0000002e   Code   RO         4548    .text               mf_w.l(dscalb.o)
    0x080008a8   0x00000030   Code   RO         4550    .text               mf_w.l(dfixul.o)
    0x080008d8   0x00000024   Code   RO         4552    .text               mc_w.l(init.o)
    0x080008fc   0x0000001e   Code   RO         4554    .text               mc_w.l(llshl.o)
    0x0800091a   0x00000020   Code   RO         4556    .text               mc_w.l(llushr.o)
    0x0800093a   0x00000024   Code   RO         4558    .text               mc_w.l(llsshr.o)
    0x0800095e   0x00000002   PAD
    0x08000960   0x0000007c   Code   RO         3391    i.A4988Control      a4988.o
    0x080009dc   0x00000060   Code   RO         3392    i.A4988Init         a4988.o
    0x08000a3c   0x0000014c   Code   RO         3393    i.A4988Speed        a4988.o
    0x08000b88   0x00000004   Code   RO         3173    i.BusFault_Handler  stm32f10x_it.o
    0x08000b8c   0x00000012   Code   RO         3421    i.Clock_End         tim.o
    0x08000b9e   0x00000014   Code   RO         3422    i.Clock_Start       tim.o
    0x08000bb2   0x00000002   Code   RO         3174    i.DebugMon_Handler  stm32f10x_it.o
    0x08000bb4   0x00000044   Code   RO         3274    i.DelayInit         delay.o
    0x08000bf8   0x00000116   Code   RO         1292    i.GPIO_Init         stm32f10x_gpio.o
    0x08000d0e   0x00000004   Code   RO         1299    i.GPIO_ResetBits    stm32f10x_gpio.o
    0x08000d12   0x00000004   Code   RO         1300    i.GPIO_SetBits      stm32f10x_gpio.o
    0x08000d16   0x00000004   Code   RO         3175    i.HardFault_Handler  stm32f10x_it.o
    0x08000d1a   0x00000018   Code   RO         1401    i.I2C_AcknowledgeConfig  stm32f10x_i2c.o
    0x08000d32   0x0000002a   Code   RO         1403    i.I2C_CheckEvent    stm32f10x_i2c.o
    0x08000d5c   0x00000018   Code   RO         1406    i.I2C_Cmd           stm32f10x_i2c.o
    0x08000d74   0x00000038   Code   RO         1409    i.I2C_DeInit        stm32f10x_i2c.o
    0x08000dac   0x00000018   Code   RO         1413    i.I2C_GenerateSTART  stm32f10x_i2c.o
    0x08000dc4   0x00000018   Code   RO         1414    i.I2C_GenerateSTOP  stm32f10x_i2c.o
    0x08000ddc   0x0000003a   Code   RO         1415    i.I2C_GetFlagStatus  stm32f10x_i2c.o
    0x08000e16   0x00000002   PAD
    0x08000e18   0x000000ec   Code   RO         1420    i.I2C_Init          stm32f10x_i2c.o
    0x08000f04   0x00000008   Code   RO         1425    i.I2C_ReceiveData   stm32f10x_i2c.o
    0x08000f0c   0x00000012   Code   RO         1427    i.I2C_Send7bitAddress  stm32f10x_i2c.o
    0x08000f1e   0x00000004   Code   RO         1428    i.I2C_SendData      stm32f10x_i2c.o
    0x08000f22   0x00000002   PAD
    0x08000f24   0x00000040   Code   RO         3108    i.Init_ALL          main.o
    0x08000f64   0x00000050   Code   RO         3312    i.MPU6050_Init      mpu6050.o
    0x08000fb4   0x00000040   Code   RO         3313    i.MPUReadAcc        mpu6050.o
    0x08000ff4   0x00000014   Code   RO         3314    i.MPUReadData       mpu6050.o
    0x08001008   0x00000040   Code   RO         3315    i.MPUReadGyro       mpu6050.o
    0x08001048   0x00000120   Code   RO         3316    i.MPU_Get_Pitch     mpu6050.o
    0x08001168   0x00000004   Code   RO         3176    i.MemManage_Handler  stm32f10x_it.o
    0x0800116c   0x00000002   Code   RO         3177    i.NMI_Handler       stm32f10x_it.o
    0x0800116e   0x00000026   Code   RO         3362    i.NVIC_Config       usart.o
    0x08001194   0x00000070   Code   RO          137    i.NVIC_Init         misc.o
    0x08001204   0x00000014   Code   RO          138    i.NVIC_PriorityGroupConfig  misc.o
    0x08001218   0x00000002   Code   RO         3178    i.PendSV_Handler    stm32f10x_it.o
    0x0800121a   0x00000002   PAD
    0x0800121c   0x00000020   Code   RO         1708    i.RCC_APB1PeriphClockCmd  stm32f10x_rcc.o
    0x0800123c   0x00000020   Code   RO         1709    i.RCC_APB1PeriphResetCmd  stm32f10x_rcc.o
    0x0800125c   0x00000020   Code   RO         1710    i.RCC_APB2PeriphClockCmd  stm32f10x_rcc.o
    0x0800127c   0x000000d4   Code   RO         1718    i.RCC_GetClocksFreq  stm32f10x_rcc.o
    0x08001350   0x00000058   Code   RO         3318    i.ReadID            mpu6050.o
    0x080013a8   0x0000022c   Code   RO         3242    i.Read_Byte         i2c.o
    0x080015d4   0x00000002   Code   RO         3179    i.SVC_Handler       stm32f10x_it.o
    0x080015d6   0x00000008   Code   RO           24    i.SetSysClock       system_stm32f10x.o
    0x080015de   0x00000002   PAD
    0x080015e0   0x000000e0   Code   RO           25    i.SetSysClockTo72   system_stm32f10x.o
    0x080016c0   0x00000028   Code   RO          141    i.SysTick_CLKSourceConfig  misc.o
    0x080016e8   0x00000002   Code   RO         3180    i.SysTick_Handler   stm32f10x_it.o
    0x080016ea   0x00000002   PAD
    0x080016ec   0x00000060   Code   RO           27    i.SystemInit        system_stm32f10x.o
    0x0800174c   0x00000090   Code   RO         3423    i.TIM3_Init         tim.o
    0x080017dc   0x0000002e   Code   RO         3424    i.TIM4_Int_Init     tim.o
    0x0800180a   0x00000018   Code   RO         2342    i.TIM_Cmd           stm32f10x_tim.o
    0x08001822   0x00000002   PAD
    0x08001824   0x00000098   Code   RO         2371    i.TIM_OC1Init       stm32f10x_tim.o
    0x080018bc   0x00000012   Code   RO         2374    i.TIM_OC1PreloadConfig  stm32f10x_tim.o
    0x080018ce   0x00000002   PAD
    0x080018d0   0x000000a4   Code   RO         2413    i.TIM_TimeBaseInit  stm32f10x_tim.o
    0x08001974   0x00000016   Code   RO         3394    i.TurnControl       a4988.o
    0x0800198a   0x00000018   Code   RO         2878    i.USART_Cmd         stm32f10x_usart.o
    0x080019a2   0x00000002   PAD
    0x080019a4   0x00000084   Code   RO         3363    i.USART_Config      usart.o
    0x08001a28   0x0000001a   Code   RO         2881    i.USART_GetFlagStatus  stm32f10x_usart.o
    0x08001a42   0x00000002   PAD
    0x08001a44   0x000000d8   Code   RO         2885    i.USART_Init        stm32f10x_usart.o
    0x08001b1c   0x00000008   Code   RO         2895    i.USART_SendData    stm32f10x_usart.o
    0x08001b24   0x00000004   Code   RO         3182    i.UsageFault_Handler  stm32f10x_it.o
    0x08001b28   0x000001a8   Code   RO         3243    i.WriteI2C_Byte     i2c.o
    0x08001cd0   0x00000020   Code   RO         4420    i.__0printf         mc_w.l(printfa.o)
    0x08001cf0   0x00000028   Code   RO         4500    i.__ARM_fpclassify  m_ws.l(fpclassify.o)
    0x08001d18   0x000000aa   Code   RO         4502    i.__kernel_poly     m_ws.l(poly.o)
    0x08001dc2   0x00000006   Code   RO         4487    i.__mathlib_dbl_infnan  m_ws.l(dunder.o)
    0x08001dc8   0x00000004   Code   RO         4488    i.__mathlib_dbl_infnan2  m_ws.l(dunder.o)
    0x08001dcc   0x00000010   Code   RO         4492    i.__mathlib_dbl_underflow  m_ws.l(dunder.o)
    0x08001ddc   0x0000000e   Code   RO         4566    i.__scatterload_copy  mc_w.l(handlers.o)
    0x08001dea   0x00000002   Code   RO         4567    i.__scatterload_null  mc_w.l(handlers.o)
    0x08001dec   0x0000000e   Code   RO         4568    i.__scatterload_zeroinit  mc_w.l(handlers.o)
    0x08001dfa   0x00000002   PAD
    0x08001dfc   0x00000164   Code   RO         4427    i._fp_digits        mc_w.l(printfa.o)
    0x08001f60   0x000006dc   Code   RO         4428    i._printf_core      mc_w.l(printfa.o)
    0x0800263c   0x00000024   Code   RO         4429    i._printf_post_padding  mc_w.l(printfa.o)
    0x08002660   0x0000002e   Code   RO         4430    i._printf_pre_padding  mc_w.l(printfa.o)
    0x0800268e   0x00000002   PAD
    0x08002690   0x00000220   Code   RO         4477    i.atan              m_ws.l(atan.o)
    0x080028b0   0x00000180   Code   RO         4171    i.atan2             m_ws.l(atan2.o)
    0x08002a30   0x00000070   Code   RO         3553    i.balance           pid.o
    0x08002aa0   0x00000024   Code   RO         3365    i.fputc             usart.o
    0x08002ac4   0x0000007c   Code   RO         3245    i.i2cinit           i2c.o
    0x08002b40   0x00000194   Code   RO         3109    i.main              main.o
    0x08002cd4   0x00000004   PAD
    0x08002cd8   0x00000098   Data   RO         4478    .constdata          m_ws.l(atan.o)
    0x08002d70   0x00000008   Data   RO         4504    .constdata          m_ws.l(qnan.o)
    0x08002d78   0x00000020   Data   RO         4564    Region$$Table       anon$$obj.o


    Execution Region RW_IRAM1 (Base: 0x20000000, Size: 0x000004e8, Max: 0x00005000, ABSOLUTE)

    Base Addr    Size         Type   Attr      Idx    E Section Name        Object

    0x20000000   0x00000014   Data   RW           28    .data               system_stm32f10x.o
    0x20000014   0x00000014   Data   RW         1738    .data               stm32f10x_rcc.o
    0x20000028   0x00000048   Data   RW         3110    .data               main.o
    0x20000070   0x00000004   Data   RW         3246    .data               i2c.o
    0x20000074   0x00000008   Data   RW         3278    .data               delay.o
    0x2000007c   0x00000038   Data   RW         3319    .data               mpu6050.o
    0x200000b4   0x00000030   Data   RW         3554    .data               pid.o
    0x200000e4   0x00000004   Data   RW         4527    .data               mc_w.l(stdout.o)
    0x200000e8   0x00000400   Zero   RW            1    STACK               startup_stm32f10x_md.o


==============================================================================

Image component sizes


      Code (inc. data)   RO Data    RW Data    ZI Data      Debug   Object Name

       574         52          0          0          0       2222   a4988.o
         0          0          0          0          0       4504   core_cm3.o
        68         18          0          8          0        952   delay.o
      1104        314          0          4          0       2494   i2c.o
       468        140          0         72          0       3412   main.o
       172         22          0          0          0       2145   misc.o
       604         86          0         56          0       3557   mpu6050.o
       112         16          0         48          0       5246   pid.o
        36          8        236          0       1024        844   startup_stm32f10x_md.o
       286          0          0          0          0       3108   stm32f10x_gpio.o
       518         20          0          0          0       8397   stm32f10x_i2c.o
        26          0          0          0          0       3638   stm32f10x_it.o
       308         38          0         20          0       5095   stm32f10x_rcc.o
       358         62          0          0          0       3158   stm32f10x_tim.o
       274          6          0          0          0       4092   stm32f10x_usart.o
       328         28          0         20          0     257185   system_stm32f10x.o
       228         10          0          0          0       1966   tim.o
       206         14          0          0          0       1483   usart.o

    ----------------------------------------------------------------------
      5692        838        268        228       1024     313498   Object Totals
         0          0         32          0          0          0   (incl. Generated)
        22          4          0          0          0          0   (incl. Padding)

    ----------------------------------------------------------------------

      Code (inc. data)   RO Data    RW Data    ZI Data      Debug   Library Member Name

       544         70        152          0          0        124   atan.o
       384         38          0          0          0        144   atan2.o
        26          6          0          0          0        204   dunder.o
        40          0          0          0          0         68   fpclassify.o
       170          0          0          0          0         96   poly.o
         0          0          8          0          0          0   qnan.o
         0          0          0          0          0          0   entry.o
         0          0          0          0          0          0   entry10a.o
         0          0          0          0          0          0   entry11a.o
         8          4          0          0          0          0   entry2.o
         4          0          0          0          0          0   entry5.o
         0          0          0          0          0          0   entry7b.o
         0          0          0          0          0          0   entry8b.o
         8          4          0          0          0          0   entry9a.o
        30          0          0          0          0          0   handlers.o
        36          8          0          0          0         68   init.o
         0          0          0          0          0          0   iusefp.o
        30          0          0          0          0         68   llshl.o
        36          0          0          0          0         68   llsshr.o
        32          0          0          0          0         68   llushr.o
      2226         90          0          0          0        444   printfa.o
         0          0          0          4          0          0   stdout.o
        44          0          0          0          0         80   uidiv.o
        98          0          0          0          0         92   uldiv.o
        48          0          0          0          0         68   cdrcmple.o
        20          0          0          0          0         68   cfcmple.o
        56          0          0          0          0         88   d2f.o
       334          0          0          0          0        148   dadd.o
       222          0          0          0          0        100   ddiv.o
       186          0          0          0          0        176   depilogue.o
        48          0          0          0          0         68   dfixul.o
        34          0          0          0          0         76   dflti.o
       228          0          0          0          0         96   dmul.o
        46          0          0          0          0         80   dscalb.o
        38          0          0          0          0         68   f2d.o
       176          0          0          0          0        140   fadd.o
       124          0          0          0          0         88   fdiv.o
       110          0          0          0          0        168   fepilogue.o
        40          0          0          0          0         68   ffixui.o
        18          0          0          0          0         68   fflti.o
       100          0          0          0          0         76   fmul.o

    ----------------------------------------------------------------------
      5552        220        160          4          0       3168   Library Totals
         8          0          0          0          0          0   (incl. Padding)

    ----------------------------------------------------------------------

      Code (inc. data)   RO Data    RW Data    ZI Data      Debug   Library Name

      1164        114        160          0          0        636   m_ws.l
      2552        106          0          4          0        888   mc_w.l
      1828          0          0          0          0       1644   mf_w.l

    ----------------------------------------------------------------------
      5552        220        160          4          0       3168   Library Totals

    ----------------------------------------------------------------------

==============================================================================


      Code (inc. data)   RO Data    RW Data    ZI Data      Debug   

     11244       1058        428        232       1024     311930   Grand Totals
     11244       1058        428        232       1024     311930   ELF Image Totals
     11244       1058        428        232          0          0   ROM Totals

==============================================================================

    Total RO  Size (Code + RO Data)                11672 (  11.40kB)
    Total RW  Size (RW Data + ZI Data)              1256 (   1.23kB)
    Total ROM Size (Code + RO Data + RW Data)      11904 (  11.63kB)

==============================================================================

